Archive member included to satisfy reference by file (symbol)

/Applications/ArmGNUToolchain/14.2.rel1/arm-none-eabi/bin/../lib/gcc/arm-none-eabi/14.2.1/../../../../arm-none-eabi/lib/thumb/v7e-m+fp/softfp/libc.a(libc_a-ctype_.o)
                              /Users/geobrown/Research/tag-designs/software/build-embedded/embedded/tags/IMUTagBreakout/build/obj/chscanf.o (symbol from plugin) (_ctype_)
/Applications/ArmGNUToolchain/14.2.rel1/arm-none-eabi/bin/../lib/gcc/arm-none-eabi/14.2.1/thumb/v7e-m+fp/softfp/libgcc.a(_aeabi_ldivmod.o)
                              /var/folders/_r/_y0pts413n9663x9mdt4dvcw0000gq/T//ccTZDwRs.ltrans0.ltrans.o (__aeabi_ldivmod)
/Applications/ArmGNUToolchain/14.2.rel1/arm-none-eabi/bin/../lib/gcc/arm-none-eabi/14.2.1/thumb/v7e-m+fp/softfp/libgcc.a(_udivmoddi4.o)
                              /Applications/ArmGNUToolchain/14.2.rel1/arm-none-eabi/bin/../lib/gcc/arm-none-eabi/14.2.1/thumb/v7e-m+fp/softfp/libgcc.a(_aeabi_ldivmod.o) (__udivmoddi4)
/Applications/ArmGNUToolchain/14.2.rel1/arm-none-eabi/bin/../lib/gcc/arm-none-eabi/14.2.1/thumb/v7e-m+fp/softfp/libgcc.a(_dvmd_tls.o)
                              /Applications/ArmGNUToolchain/14.2.rel1/arm-none-eabi/bin/../lib/gcc/arm-none-eabi/14.2.1/thumb/v7e-m+fp/softfp/libgcc.a(_aeabi_ldivmod.o) (__aeabi_ldiv0)
/Applications/ArmGNUToolchain/14.2.rel1/arm-none-eabi/bin/../lib/gcc/arm-none-eabi/14.2.1/../../../../arm-none-eabi/lib/thumb/v7e-m+fp/softfp/libc.a(libc_a-memset.o)
                              /var/folders/_r/_y0pts413n9663x9mdt4dvcw0000gq/T//ccTZDwRs.ltrans0.ltrans.o (memset)
/Applications/ArmGNUToolchain/14.2.rel1/arm-none-eabi/bin/../lib/gcc/arm-none-eabi/14.2.1/../../../../arm-none-eabi/lib/thumb/v7e-m+fp/softfp/libc.a(libc_a-strncpy.o)
                              /var/folders/_r/_y0pts413n9663x9mdt4dvcw0000gq/T//ccTZDwRs.ltrans0.ltrans.o (strncpy)
/Applications/ArmGNUToolchain/14.2.rel1/arm-none-eabi/bin/../lib/gcc/arm-none-eabi/14.2.1/../../../../arm-none-eabi/lib/thumb/v7e-m+fp/softfp/libc.a(libc_a-memcpy.o)
                              /var/folders/_r/_y0pts413n9663x9mdt4dvcw0000gq/T//ccTZDwRs.ltrans0.ltrans.o (memcpy)

Discarded input sections

 .data          0x00000000        0x0 /Users/geobrown/Research/tag-designs/software/build-embedded/embedded/tags/IMUTagBreakout/build/obj/crt0_v7m.o
 .bss           0x00000000        0x0 /Users/geobrown/Research/tag-designs/software/build-embedded/embedded/tags/IMUTagBreakout/build/obj/crt0_v7m.o
 .data          0x00000000        0x0 /Users/geobrown/Research/tag-designs/software/build-embedded/embedded/tags/IMUTagBreakout/build/obj/vectors.o
 .bss           0x00000000        0x0 /Users/geobrown/Research/tag-designs/software/build-embedded/embedded/tags/IMUTagBreakout/build/obj/vectors.o
 .data          0x00000000        0x0 /Users/geobrown/Research/tag-designs/software/build-embedded/embedded/tags/IMUTagBreakout/build/obj/chcoreasm.o
 .bss           0x00000000        0x0 /Users/geobrown/Research/tag-designs/software/build-embedded/embedded/tags/IMUTagBreakout/build/obj/chcoreasm.o
 .text          0x00000000        0x0 /var/folders/_r/_y0pts413n9663x9mdt4dvcw0000gq/T//ccTZDwRs.ltrans0.ltrans.o
 .data          0x00000000        0x0 /var/folders/_r/_y0pts413n9663x9mdt4dvcw0000gq/T//ccTZDwRs.ltrans0.ltrans.o
 .bss           0x00000000        0x0 /var/folders/_r/_y0pts413n9663x9mdt4dvcw0000gq/T//ccTZDwRs.ltrans0.ltrans.o
 .rodata.pState
                0x00000000        0x4 /var/folders/_r/_y0pts413n9663x9mdt4dvcw0000gq/T//ccTZDwRs.ltrans0.ltrans.o
 .text          0x00000000        0x0 /var/folders/_r/_y0pts413n9663x9mdt4dvcw0000gq/T//ccTZDwRs.ltrans1.ltrans.o
 .data          0x00000000        0x0 /var/folders/_r/_y0pts413n9663x9mdt4dvcw0000gq/T//ccTZDwRs.ltrans1.ltrans.o
 .bss           0x00000000        0x0 /var/folders/_r/_y0pts413n9663x9mdt4dvcw0000gq/T//ccTZDwRs.ltrans1.ltrans.o
 .text          0x00000000        0x0 /Applications/ArmGNUToolchain/14.2.rel1/arm-none-eabi/bin/../lib/gcc/arm-none-eabi/14.2.1/../../../../arm-none-eabi/lib/thumb/v7e-m+fp/softfp/libc.a(libc_a-ctype_.o)
 .data          0x00000000        0x0 /Applications/ArmGNUToolchain/14.2.rel1/arm-none-eabi/bin/../lib/gcc/arm-none-eabi/14.2.1/../../../../arm-none-eabi/lib/thumb/v7e-m+fp/softfp/libc.a(libc_a-ctype_.o)
 .bss           0x00000000        0x0 /Applications/ArmGNUToolchain/14.2.rel1/arm-none-eabi/bin/../lib/gcc/arm-none-eabi/14.2.1/../../../../arm-none-eabi/lib/thumb/v7e-m+fp/softfp/libc.a(libc_a-ctype_.o)
 .text.__set_ctype
                0x00000000        0xc /Applications/ArmGNUToolchain/14.2.rel1/arm-none-eabi/bin/../lib/gcc/arm-none-eabi/14.2.1/../../../../arm-none-eabi/lib/thumb/v7e-m+fp/softfp/libc.a(libc_a-ctype_.o)
 .rodata._ctype_
                0x00000000      0x101 /Applications/ArmGNUToolchain/14.2.rel1/arm-none-eabi/bin/../lib/gcc/arm-none-eabi/14.2.1/../../../../arm-none-eabi/lib/thumb/v7e-m+fp/softfp/libc.a(libc_a-ctype_.o)
[...]
Memory Configuration

Name             Origin             Length             Attributes
flash0           0x08000000         0x00040000
flash1           0x08000000         0x00000000
flash2           0x00000000         0x00000000
flash3           0x00000000         0x00000000
flash4           0x00000000         0x00000000
flash5           0x00000000         0x00000000
flash6           0x00000000         0x00000000
flash7           0x00000000         0x00000000
ram0             0x20000000         0x0000c000
ram1             0x10000000         0x00004000
ram2             0x00000000         0x00000000
ram3             0x00000000         0x00000000
ram4             0x00000000         0x00000000
ram5             0x00000000         0x00000000
ram6             0x00000000         0x00000000
ram7             0x00000000         0x00000000
*default*        0x00000000         0xffffffff

Linker script and memory map

LOAD /Users/geobrown/Research/tag-designs/software/build-embedded/embedded/tags/IMUTagBreakout/build/obj/crt0_v7m.o
LOAD /Users/geobrown/Research/tag-designs/software/build-embedded/embedded/tags/IMUTagBreakout/build/obj/vectors.o
LOAD /Users/geobrown/Research/tag-designs/software/build-embedded/embedded/tags/IMUTagBreakout/build/obj/chcoreasm.o
LOAD /Users/geobrown/Research/tag-designs/software/build-embedded/embedded/tags/IMUTagBreakout/build/obj/board.o
LOAD /var/folders/_r/_y0pts413n9663x9mdt4dvcw0000gq/T//ccTZDwRs.ltrans0.ltrans.o
LOAD /var/folders/_r/_y0pts413n9663x9mdt4dvcw0000gq/T//ccTZDwRs.ltrans1.ltrans.o
LOAD /Users/geobrown/Research/tag-designs/software/build-embedded/embedded/tags/IMUTagBreakout/build/obj/default_config.o
LOAD /Users/geobrown/Research/tag-designs/software/build-embedded/embedded/tags/IMUTagBreakout/build/obj/pb_common.o
LOAD /Users/geobrown/Research/tag-designs/software/build-embedded/embedded/tags/IMUTagBreakout/build/obj/pb_decode.o
LOAD /Users/geobrown/Research/tag-designs/software/build-embedded/embedded/tags/IMUTagBreakout/build/obj/pb_encode.o
LOAD /Users/geobrown/Research/tag-designs/software/build-embedded/embedded/tags/IMUTagBreakout/build/obj/tag.pb.o
LOAD /Users/geobrown/Research/tag-designs/software/build-embedded/embedded/tags/IMUTagBreakout/build/obj/tagdata.pb.o
LOAD /Users/geobrown/Research/tag-designs/software/build-embedded/embedded/tags/IMUTagBreakout/build/obj/bus_power.o
LOAD /Users/geobrown/Research/tag-designs/software/build-embedded/embedded/tags/IMUTagBreakout/build/obj/device.o
LOAD /Users/geobrown/Research/tag-designs/software/build-embedded/embedded/tags/IMUTagBreakout/build/obj/handlers.o
LOAD /Users/geobrown/Research/tag-designs/software/build-embedded/embedded/tags/IMUTagBreakout/build/obj/i2c_bus.o
LOAD /Users/geobrown/Research/tag-designs/software/build-embedded/embedded/tags/IMUTagBreakout/build/obj/main.o
LOAD /Users/geobrown/Research/tag-designs/software/build-embedded/embedded/tags/IMUTagBreakout/build/obj/monitor.o
LOAD /Users/geobrown/Research/tag-designs/software/build-embedded/embedded/tags/IMUTagBreakout/build/obj/persistent.o
LOAD /Users/geobrown/Research/tag-designs/software/build-embedded/embedded/tags/IMUTagBreakout/build/obj/pwr.o
LOAD /Users/geobrown/Research/tag-designs/software/build-embedded/embedded/tags/IMUTagBreakout/build/obj/spi_bus.o
LOAD /Users/geobrown/Research/tag-designs/software/build-embedded/embedded/tags/IMUTagBreakout/build/obj/state_machine.o
LOAD /Users/geobrown/Research/tag-designs/software/build-embedded/embedded/tags/IMUTagBreakout/build/obj/stm32adc.o
LOAD /Users/geobrown/Research/tag-designs/software/build-embedded/embedded/tags/IMUTagBreakout/build/obj/stm32flash.o
LOAD /Users/geobrown/Research/tag-designs/software/build-embedded/embedded/tags/IMUTagBreakout/build/obj/test.o
LOAD /Users/geobrown/Research/tag-designs/software/build-embedded/embedded/tags/IMUTagBreakout/build/obj/time.o
LOAD /Users/geobrown/Research/tag-designs/software/build-embedded/embedded/tags/IMUTagBreakout/build/obj/usart_bus.o
LOAD /Users/geobrown/Research/tag-designs/software/build-embedded/embedded/tags/IMUTagBreakout/build/obj/chprintf.o
LOAD /Users/geobrown/Research/tag-designs/software/build-embedded/embedded/tags/IMUTagBreakout/build/obj/chscanf.o
LOAD /Users/geobrown/Research/tag-designs/software/build-embedded/embedded/tags/IMUTagBreakout/build/obj/memstreams.o
LOAD /Users/geobrown/Research/tag-designs/software/build-embedded/embedded/tags/IMUTagBreakout/build/obj/nullstreams.o
LOAD /Users/geobrown/Research/tag-designs/software/build-embedded/embedded/tags/IMUTagBreakout/build/obj/bufstreams.o
LOAD /Users/geobrown/Research/tag-designs/software/build-embedded/embedded/tags/IMUTagBreakout/build/obj/debug_log.o
LOAD /Users/geobrown/Research/tag-designs/software/build-embedded/embedded/tags/IMUTagBreakout/build/obj/sensor_io.o
LOAD /Users/geobrown/Research/tag-designs/software/build-embedded/embedded/tags/IMUTagBreakout/build/obj/rtc_device.o
LOAD /Users/geobrown/Research/tag-designs/software/build-embedded/embedded/tags/IMUTagBreakout/build/obj/rtc_rv3028.o
LOAD /Users/geobrown/Research/tag-designs/software/build-embedded/embedded/tags/IMUTagBreakout/build/obj/rtc_test.o
LOAD /Users/geobrown/Research/tag-designs/software/build-embedded/embedded/tags/IMUTagBreakout/build/obj/mx25l.o
LOAD /Users/geobrown/Research/tag-designs/software/build-embedded/embedded/tags/IMUTagBreakout/build/obj/storage_flash.o
LOAD /Users/geobrown/Research/tag-designs/software/build-embedded/embedded/tags/IMUTagBreakout/build/obj/external_flash_test.o
LOAD /Users/geobrown/Research/tag-designs/software/build-embedded/embedded/tags/IMUTagBreakout/build/obj/pressure_device.o
LOAD /Users/geobrown/Research/tag-designs/software/build-embedded/embedded/tags/IMUTagBreakout/build/obj/lps22hh.o
LOAD /Users/geobrown/Research/tag-designs/software/build-embedded/embedded/tags/IMUTagBreakout/build/obj/lps22hh_test.o
LOAD /Users/geobrown/Research/tag-designs/software/build-embedded/embedded/tags/IMUTagBreakout/build/obj/ak09940a.o
LOAD /Users/geobrown/Research/tag-designs/software/build-embedded/embedded/tags/IMUTagBreakout/build/obj/ak09940a_shim.o
LOAD /Users/geobrown/Research/tag-designs/software/build-embedded/embedded/tags/IMUTagBreakout/build/obj/ak09940a_test.o
LOAD /Users/geobrown/Research/tag-designs/software/build-embedded/embedded/tags/IMUTagBreakout/build/obj/lsm6dsv16x.o
LOAD /Users/geobrown/Research/tag-designs/software/build-embedded/embedded/tags/IMUTagBreakout/build/obj/lsm6dsv16x_test.o
LOAD /Users/geobrown/Research/tag-designs/software/build-embedded/embedded/tags/IMUTagBreakout/build/obj/config.o
LOAD /Users/geobrown/Research/tag-designs/software/build-embedded/embedded/tags/IMUTagBreakout/build/obj/datalog.o
LOAD /Users/geobrown/Research/tag-designs/software/build-embedded/embedded/tags/IMUTagBreakout/build/obj/devices.o
LOAD /Users/geobrown/Research/tag-designs/software/build-embedded/embedded/tags/IMUTagBreakout/build/obj/sensors.o
LOAD /Users/geobrown/Research/tag-designs/software/build-embedded/embedded/tags/IMUTagBreakout/build/obj/state_run.o
LOAD /Users/geobrown/Research/tag-designs/software/build-embedded/embedded/tags/IMUTagBreakout/build/obj/stubs.o
LOAD /Users/geobrown/Research/tag-designs/software/build-embedded/embedded/tags/IMUTagBreakout/build/obj/crt1.o
LOAD /Users/geobrown/Research/tag-designs/software/build-embedded/embedded/tags/IMUTagBreakout/build/obj/oop_base_object.o
LOAD /Users/geobrown/Research/tag-designs/software/build-embedded/embedded/tags/IMUTagBreakout/build/obj/hal.o
LOAD /Users/geobrown/Research/tag-designs/software/build-embedded/embedded/tags/IMUTagBreakout/build/obj/hal_safety.o
LOAD /Users/geobrown/Research/tag-designs/software/build-embedded/embedded/tags/IMUTagBreakout/build/obj/hal_st.o
LOAD /Users/geobrown/Research/tag-designs/software/build-embedded/embedded/tags/IMUTagBreakout/build/obj/hal_buffered_serial.o
LOAD /Users/geobrown/Research/tag-designs/software/build-embedded/embedded/tags/IMUTagBreakout/build/obj/hal_buffers.o
LOAD /Users/geobrown/Research/tag-designs/software/build-embedded/embedded/tags/IMUTagBreakout/build/obj/hal_queues.o
LOAD /Users/geobrown/Research/tag-designs/software/build-embedded/embedded/tags/IMUTagBreakout/build/obj/hal_mmcsd.o
LOAD /Users/geobrown/Research/tag-designs/software/build-embedded/embedded/tags/IMUTagBreakout/build/obj/hal_i2c.o
LOAD /Users/geobrown/Research/tag-designs/software/build-embedded/embedded/tags/IMUTagBreakout/build/obj/hal_pal.o
LOAD /Users/geobrown/Research/tag-designs/software/build-embedded/embedded/tags/IMUTagBreakout/build/obj/hal_rtc.o
LOAD /Users/geobrown/Research/tag-designs/software/build-embedded/embedded/tags/IMUTagBreakout/build/obj/hal_flash.o
LOAD /Users/geobrown/Research/tag-designs/software/build-embedded/embedded/tags/IMUTagBreakout/build/obj/nvic.o
LOAD /Users/geobrown/Research/tag-designs/software/build-embedded/embedded/tags/IMUTagBreakout/build/obj/stm32_isr.o
LOAD /Users/geobrown/Research/tag-designs/software/build-embedded/embedded/tags/IMUTagBreakout/build/obj/hal_lld.o
LOAD /Users/geobrown/Research/tag-designs/software/build-embedded/embedded/tags/IMUTagBreakout/build/obj/hal_efl_lld.o
LOAD /Users/geobrown/Research/tag-designs/software/build-embedded/embedded/tags/IMUTagBreakout/build/obj/stm32_dma.o
LOAD /Users/geobrown/Research/tag-designs/software/build-embedded/embedded/tags/IMUTagBreakout/build/obj/stm32_exti.o
LOAD /Users/geobrown/Research/tag-designs/software/build-embedded/embedded/tags/IMUTagBreakout/build/obj/hal_pal_lld.o
LOAD /Users/geobrown/Research/tag-designs/software/build-embedded/embedded/tags/IMUTagBreakout/build/obj/hal_i2c_lld.o
LOAD /Users/geobrown/Research/tag-designs/software/build-embedded/embedded/tags/IMUTagBreakout/build/obj/hal_rtc_lld.o
LOAD /Users/geobrown/Research/tag-designs/software/build-embedded/embedded/tags/IMUTagBreakout/build/obj/hal_st_lld.o
LOAD /Users/geobrown/Research/tag-designs/software/build-embedded/embedded/tags/IMUTagBreakout/build/obj/osal.o
LOAD /Users/geobrown/Research/tag-designs/software/build-embedded/embedded/tags/IMUTagBreakout/build/obj/chsys.o
LOAD /Users/geobrown/Research/tag-designs/software/build-embedded/embedded/tags/IMUTagBreakout/build/obj/chrfcu.o
LOAD /Users/geobrown/Research/tag-designs/software/build-embedded/embedded/tags/IMUTagBreakout/build/obj/chdebug.o
LOAD /Users/geobrown/Research/tag-designs/software/build-embedded/embedded/tags/IMUTagBreakout/build/obj/chtrace.o
LOAD /Users/geobrown/Research/tag-designs/software/build-embedded/embedded/tags/IMUTagBreakout/build/obj/chvt.o
LOAD /Users/geobrown/Research/tag-designs/software/build-embedded/embedded/tags/IMUTagBreakout/build/obj/chschd.o
LOAD /Users/geobrown/Research/tag-designs/software/build-embedded/embedded/tags/IMUTagBreakout/build/obj/chinstances.o
LOAD /Users/geobrown/Research/tag-designs/software/build-embedded/embedded/tags/IMUTagBreakout/build/obj/chthreads.o
LOAD /Users/geobrown/Research/tag-designs/software/build-embedded/embedded/tags/IMUTagBreakout/build/obj/chsem.o
LOAD /Users/geobrown/Research/tag-designs/software/build-embedded/embedded/tags/IMUTagBreakout/build/obj/chevents.o
LOAD /Users/geobrown/Research/tag-designs/software/build-embedded/embedded/tags/IMUTagBreakout/build/obj/chcore.o
                0x00040000                        PROVIDE (TAG_FLASH_SIZE = 0x40000)

.mstack         0x20000000      0x800
                0x20000000                        . = ALIGN (0x8)
                0x20000000                        __main_stack_base__ = .
                0x20000800                        . = (. + __main_stack_size__)
 *fill*         0x20000000      0x800 
                0x20000800                        . = ALIGN (0x8)
                0x20000800                        __main_stack_end__ = .

.pstack         0x20000800      0x800
                0x20000800                        . = ALIGN (0x8)
                0x20000800                        __process_stack_base__ = .
                0x20000800                        __main_thread_stack_base__ = .
                0x20001000                        . = (. + __process_stack_size__)
 *fill*         0x20000800      0x800 
                0x20001000                        . = ALIGN (0x8)
                0x20001000                        __process_stack_end__ = .
                0x20001000                        __main_thread_stack_end__ = .
                0x00000400                        __vectors_align__ = DEFINED (__vectors_align__)?__vectors_align__:0x400

.vectors        0x08000000      0x1a0
                0x08000000                        __textvectors_base__ = LOADADDR (.vectors)
                0x08000000                        __vectors_base__ = .
 *(.vectors)
 .vectors       0x08000000      0x1a0 /Users/geobrown/Research/tag-designs/software/build-embedded/embedded/tags/IMUTagBreakout/build/obj/vectors.o
                0x08000000                _vectors
                0x080001a0                        __vectors_end__ = .

.xtors          0x080001a0        0x0
                0x080001a0                        __init_array_base__ = .
 *(SORT_BY_NAME(.init_array.*))
 *(.init_array)
                0x080001a0                        __init_array_end__ = .
                0x080001a0                        __fini_array_base__ = .
 *(.fini_array)
 *(SORT_BY_NAME(.fini_array.*))
                0x080001a0                        __fini_array_end__ = .

.text           0x080001a0     0xa7f8
                0x080001a0                        __text_base__ = .
 *(.text)
 .text          0x080001a0       0xf4 /Users/geobrown/Research/tag-designs/software/build-embedded/embedded/tags/IMUTagBreakout/build/obj/crt0_v7m.o
                0x080001a0                _crt0_entry
 .text          0x08000294        0x8 /Users/geobrown/Research/tag-designs/software/build-embedded/embedded/tags/IMUTagBreakout/build/obj/vectors.o
                0x08000294                Reset_Handler
                0x08000296                VectorE8
                0x08000296                Vector9C
                0x08000296                VectorAC
                0x08000296                Vector5C
                0x08000296                Vector11C
                0x08000296                HardFault_Handler
                0x08000296                Vector19C
                0x08000296                Vector8C
                0x08000296                SysTick_Handler
                0x08000296                VectorDC
                0x08000296                PendSV_Handler
                0x08000296                Vector168
                0x08000296                Vector110
                0x08000296                VectorC8
                0x08000296                Vector94
                0x08000296                VectorA8
                0x08000296                VectorB4
                0x08000296                Vector160
                0x08000296                UsageFault_Handler
                0x08000296                VectorEC
                0x08000296                Vector40
                0x08000296                VectorF8
                0x08000296                Vector108
                0x08000296                VectorBC
                0x08000296                Vector190
                0x08000296                Vector148
                0x08000296                Vector188
                0x08000296                Vector198
                0x08000296                Vector118
                0x08000296                Vector64
                0x08000296                VectorCC
                0x08000296                Vector54
                0x08000296                Vector98
                0x08000296                VectorD8
                0x08000296                Vector138
                0x08000296                Vector24
                0x08000296                Vector178
                0x08000296                SecureFault_Handler
                0x08000296                VectorD0
                0x08000296                Vector140
                0x08000296                VectorC0
                0x08000296                Vector158
                0x08000296                Vector134
                0x08000296                VectorF0
                0x08000296                Vector13C
                0x08000296                Vector100
                0x08000296                VectorE0
                0x08000296                VectorF4
                0x08000296                MemManage_Handler
                0x08000296                VectorA0
                0x08000296                VectorC4
                0x08000296                Vector180
                0x08000296                Vector90
                0x08000296                Vector114
                0x08000296                Vector164
                0x08000296                Vector60
                0x08000296                Vector17C
                0x08000296                Vector16C
                0x08000296                VectorD4
                0x08000296                Vector144
                0x08000296                Vector15C
                0x08000296                Vector68
                0x08000296                Vector170
                0x08000296                Vector88
                0x08000296                Vector104
                0x08000296                Vector184
                0x08000296                Vector10C
                0x08000296                Vector14C
                0x08000296                BusFault_Handler
                0x08000296                Vector50
                0x08000296                Vector194
                0x08000296                Vector44
                0x08000296                Vector28
                0x08000296                VectorB8
                0x08000296                VectorFC
                0x08000296                Vector34
                0x08000296                VectorA4
                0x08000296                Vector20
                0x08000296                Vector18C
                0x08000296                Vector58
                0x08000296                Vector174
 .text          0x0800029c       0x32 /Users/geobrown/Research/tag-designs/software/build-embedded/embedded/tags/IMUTagBreakout/build/obj/chcoreasm.o
                0x0800029c                __port_switch
                0x080002b4                __port_thread_start
                0x080002c6                __port_switch_from_isr
                0x080002ca                __port_exit_from_isr
 *fill*         0x080002ce        0x2 
 .text          0x080002d0      0x134 /Applications/ArmGNUToolchain/14.2.rel1/arm-none-eabi/bin/../lib/gcc/arm-none-eabi/14.2.1/../../../../arm-none-eabi/lib/thumb/v7e-m+fp/softfp/libc.a(libc_a-memcpy.o)
                0x080002d0                memcpy
 .text          0x08000404       0xa0 /Applications/ArmGNUToolchain/14.2.rel1/arm-none-eabi/bin/../lib/gcc/arm-none-eabi/14.2.1/thumb/v7e-m+fp/softfp/libgcc.a(_aeabi_ldivmod.o)
                0x08000404                __aeabi_ldivmod
 .text          0x080004a4        0x4 /Applications/ArmGNUToolchain/14.2.rel1/arm-none-eabi/bin/../lib/gcc/arm-none-eabi/14.2.1/thumb/v7e-m+fp/softfp/libgcc.a(_dvmd_tls.o)
                0x080004a4                __aeabi_ldiv0
                0x080004a4                __aeabi_idiv0
 *(.text.*)
 *fill*         0x080004a8        0x8 
 .text.load_descriptor_values
                0x080004b0       0xfc /var/folders/_r/_y0pts413n9663x9mdt4dvcw0000gq/T//ccTZDwRs.ltrans0.ltrans.o
 *fill*         0x080005ac        0x4 
 .text.advance_iterator
                0x080005b0       0x5c /var/folders/_r/_y0pts413n9663x9mdt4dvcw0000gq/T//ccTZDwRs.ltrans0.ltrans.o
 *fill*         0x0800060c        0x4 
 .text.pb_default_field_callback
                0x08000610       0x40 /var/folders/_r/_y0pts413n9663x9mdt4dvcw0000gq/T//ccTZDwRs.ltrans0.ltrans.o
 .text.pb_decode_varint32_eof
                0x08000650       0xe4 /var/folders/_r/_y0pts413n9663x9mdt4dvcw0000gq/T//ccTZDwRs.ltrans0.ltrans.o
 *fill*         0x08000734        0xc 
 .text.pb_decode_varint
                0x08000740       0x88 /var/folders/_r/_y0pts413n9663x9mdt4dvcw0000gq/T//ccTZDwRs.ltrans0.ltrans.o
 *fill*         0x080007c8        0x8 
 .text.pb_make_string_substream
                0x080007d0       0x4c /var/folders/_r/_y0pts413n9663x9mdt4dvcw0000gq/T//ccTZDwRs.ltrans0.ltrans.o
 *fill*         0x0800081c        0x4 
 .text.delay    0x08000820        0x4 /var/folders/_r/_y0pts413n9663x9mdt4dvcw0000gq/T//ccTZDwRs.ltrans0.ltrans.o
 *fill*         0x08000824        0xc 
 .text.FLASH_Program_Array
                0x08000830       0x8c /var/folders/_r/_y0pts413n9663x9mdt4dvcw0000gq/T//ccTZDwRs.ltrans0.ltrans.o
 *fill*         0x080008bc        0x4 
 .text.FLASH_Read_DoubleWord_Checked.part.0
                0x080008c0       0x70 /var/folders/_r/_y0pts413n9663x9mdt4dvcw0000gq/T//ccTZDwRs.ltrans0.ltrans.o
 .text.FLASH_Read_Checked
                0x08000930       0x38 /var/folders/_r/_y0pts413n9663x9mdt4dvcw0000gq/T//ccTZDwRs.ltrans0.ltrans.o
 *fill*         0x08000968        0x8 
 .text.stopMilliseconds.part.0
                0x08000970      0x110 /var/folders/_r/_y0pts413n9663x9mdt4dvcw0000gq/T//ccTZDwRs.ltrans0.ltrans.o
 .text._put     0x08000a80       0x24 /var/folders/_r/_y0pts413n9663x9mdt4dvcw0000gq/T//ccTZDwRs.ltrans0.ltrans.o
 *fill*         0x08000aa4        0xc 
 .text._get     0x08000ab0       0x1c /var/folders/_r/_y0pts413n9663x9mdt4dvcw0000gq/T//ccTZDwRs.ltrans0.ltrans.o
 *fill*         0x08000acc        0x4 
 .text._unget   0x08000ad0       0x18 /var/folders/_r/_y0pts413n9663x9mdt4dvcw0000gq/T//ccTZDwRs.ltrans0.ltrans.o
 *fill*         0x08000ae8        0x8 
 .text.tagStorageSpiRead
                0x08000af0      0x194 /var/folders/_r/_y0pts413n9663x9mdt4dvcw0000gq/T//ccTZDwRs.ltrans0.ltrans.o
 *fill*         0x08000c84        0xc 
 .text.tag_test_external_flash
                0x08000c90       0x38 /var/folders/_r/_y0pts413n9663x9mdt4dvcw0000gq/T//ccTZDwRs.ltrans0.ltrans.o
 *fill*         0x08000cc8        0x8 
 .text.get_lsm_config
                0x08000cd0       0x8c /var/folders/_r/_y0pts413n9663x9mdt4dvcw0000gq/T//ccTZDwRs.ltrans0.ltrans.o
 *fill*         0x08000d5c        0x4 
 .text.restoreLog
                0x08000d60       0x54 /var/folders/_r/_y0pts413n9663x9mdt4dvcw0000gq/T//ccTZDwRs.ltrans0.ltrans.o
 *fill*         0x08000db4        0xc 
 .text.pb_check_proto3_default_value
                0x08000dc0      0x128 /var/folders/_r/_y0pts413n9663x9mdt4dvcw0000gq/T//ccTZDwRs.ltrans0.ltrans.o
 *fill*         0x08000ee8        0x8 
 .text.pb_field_iter_begin_extension
                0x08000ef0       0x50 /var/folders/_r/_y0pts413n9663x9mdt4dvcw0000gq/T//ccTZDwRs.ltrans0.ltrans.o
 .text.pb_read  0x08000f40       0x48 /var/folders/_r/_y0pts413n9663x9mdt4dvcw0000gq/T//ccTZDwRs.ltrans0.ltrans.o
 *fill*         0x08000f88        0x8 
 .text.pb_write
                0x08000f90       0x40 /var/folders/_r/_y0pts413n9663x9mdt4dvcw0000gq/T//ccTZDwRs.ltrans0.ltrans.o
 .text.pb_enc_fixed
                0x08000fd0       0x28 /var/folders/_r/_y0pts413n9663x9mdt4dvcw0000gq/T//ccTZDwRs.ltrans0.ltrans.o
 *fill*         0x08000ff8        0x8 
 .text._writes  0x08001000       0x24 /var/folders/_r/_y0pts413n9663x9mdt4dvcw0000gq/T//ccTZDwRs.ltrans0.ltrans.o
 *fill*         0x08001024        0xc 
 .text._reads   0x08001030       0x28 /var/folders/_r/_y0pts413n9663x9mdt4dvcw0000gq/T//ccTZDwRs.ltrans0.ltrans.o
 *fill*         0x08001058        0x8 
 .text.pb_skip_field
                0x08001060       0xb0 /var/folders/_r/_y0pts413n9663x9mdt4dvcw0000gq/T//ccTZDwRs.ltrans0.ltrans.o
 .text.decode_field
                0x08001110      0x2e0 /var/folders/_r/_y0pts413n9663x9mdt4dvcw0000gq/T//ccTZDwRs.ltrans0.ltrans.o
 .text.pb_message_set_to_defaults
                0x080013f0      0x158 /var/folders/_r/_y0pts413n9663x9mdt4dvcw0000gq/T//ccTZDwRs.ltrans0.ltrans.o
 *fill*         0x08001548        0x8 
 .text.pb_decode_inner
                0x08001550      0x394 /var/folders/_r/_y0pts413n9663x9mdt4dvcw0000gq/T//ccTZDwRs.ltrans0.ltrans.o
 *fill*         0x080018e4        0xc 
 .text.decode_basic_field
                0x080018f0      0x398 /var/folders/_r/_y0pts413n9663x9mdt4dvcw0000gq/T//ccTZDwRs.ltrans0.ltrans.o
 *fill*         0x08001c88        0x8 
 .text.monitor_timeout_cb
                0x08001c90       0x70 /var/folders/_r/_y0pts413n9663x9mdt4dvcw0000gq/T//ccTZDwRs.ltrans0.ltrans.o
 .text.monitorArmTimeoutI
                0x08001d00       0x50 /var/folders/_r/_y0pts413n9663x9mdt4dvcw0000gq/T//ccTZDwRs.ltrans0.ltrans.o
 .text.GetTimeUnixSec
                0x08001d50      0x210 /var/folders/_r/_y0pts413n9663x9mdt4dvcw0000gq/T//ccTZDwRs.ltrans0.ltrans.o
 .text.disableAllAlarms
                0x08001f60       0xec /var/folders/_r/_y0pts413n9663x9mdt4dvcw0000gq/T//ccTZDwRs.ltrans0.ltrans.o
 *fill*         0x0800204c        0x4 
 .text.rtcOff   0x08002050       0x50 /var/folders/_r/_y0pts413n9663x9mdt4dvcw0000gq/T//ccTZDwRs.ltrans0.ltrans.o
 .text.adcVDD   0x080020a0      0x224 /var/folders/_r/_y0pts413n9663x9mdt4dvcw0000gq/T//ccTZDwRs.ltrans0.ltrans.o
 *fill*         0x080022c4        0xc 
 .text.recordState
                0x080022d0       0xd4 /var/folders/_r/_y0pts413n9663x9mdt4dvcw0000gq/T//ccTZDwRs.ltrans0.ltrans.o
 *fill*         0x080023a4        0xc 
 .text.FLASH_PageErase
                0x080023b0       0x70 /var/folders/_r/_y0pts413n9663x9mdt4dvcw0000gq/T//ccTZDwRs.ltrans0.ltrans.o
 .text.rv3028Init
                0x08002420      0x224 /var/folders/_r/_y0pts413n9663x9mdt4dvcw0000gq/T//ccTZDwRs.ltrans0.ltrans.o
 *fill*         0x08002644        0xc 
 .text.tagStorageSpiBlockReadDma
                0x08002650      0x250 /var/folders/_r/_y0pts413n9663x9mdt4dvcw0000gq/T//ccTZDwRs.ltrans0.ltrans.o
 .text.mx25lStatus
                0x080028a0       0xd8 /var/folders/_r/_y0pts413n9663x9mdt4dvcw0000gq/T//ccTZDwRs.ltrans0.ltrans.o
 *fill*         0x08002978        0x8 
 .text.mx25lWrite.lto_priv.0
                0x08002980      0x5c0 /var/folders/_r/_y0pts413n9663x9mdt4dvcw0000gq/T//ccTZDwRs.ltrans0.ltrans.o
                0x08002980                mx25lWrite.lto_priv.0
 .text.mx25lSectorErase.lto_priv.0
                0x08002f40      0x230 /var/folders/_r/_y0pts413n9663x9mdt4dvcw0000gq/T//ccTZDwRs.ltrans0.ltrans.o
                0x08002f40                mx25lSectorErase.lto_priv.0
 .text.mx25lRead.lto_priv.0
                0x08003170      0x148 /var/folders/_r/_y0pts413n9663x9mdt4dvcw0000gq/T//ccTZDwRs.ltrans0.ltrans.o
                0x08003170                mx25lRead.lto_priv.0
 *fill*         0x080032b8        0x8 
 .text.__early_init
                0x080032c0      0x264 /var/folders/_r/_y0pts413n9663x9mdt4dvcw0000gq/T//ccTZDwRs.ltrans0.ltrans.o
                0x080032c0                __early_init
 *fill*         0x08003524        0xc 
 .text.pb_encode_varint
                0x08003530       0x94 /var/folders/_r/_y0pts413n9663x9mdt4dvcw0000gq/T//ccTZDwRs.ltrans0.ltrans.o
                0x08003530                pb_encode_varint
 *fill*         0x080035c4        0xc 
 .text.pb_enc_varint
                0x080035d0       0xc8 /var/folders/_r/_y0pts413n9663x9mdt4dvcw0000gq/T//ccTZDwRs.ltrans0.ltrans.o
 *fill*         0x08003698        0x8 
 .text.encode_basic_field.part.0
                0x080036a0      0x244 /var/folders/_r/_y0pts413n9663x9mdt4dvcw0000gq/T//ccTZDwRs.ltrans0.ltrans.o
 *fill*         0x080038e4        0xc 
 .text.encode_field
                0x080038f0      0x234 /var/folders/_r/_y0pts413n9663x9mdt4dvcw0000gq/T//ccTZDwRs.ltrans0.ltrans.o
 *fill*         0x08003b24        0xc 
 .text.pb_encode
                0x08003b30       0xa4 /var/folders/_r/_y0pts413n9663x9mdt4dvcw0000gq/T//ccTZDwRs.ltrans0.ltrans.o
 *fill*         0x08003bd4        0xc 
 .text.encode_ack
                0x08003be0       0x7c /var/folders/_r/_y0pts413n9663x9mdt4dvcw0000gq/T//ccTZDwRs.ltrans0.ltrans.o
 *fill*         0x08003c5c        0x4 
 .text.DebugMon_Handler
                0x08003c60      0x170 /var/folders/_r/_y0pts413n9663x9mdt4dvcw0000gq/T//ccTZDwRs.ltrans0.ltrans.o
                0x08003c60                DebugMon_Handler
 .text.tagI2cBusBegin
                0x08003dd0       0xbc /var/folders/_r/_y0pts413n9663x9mdt4dvcw0000gq/T//ccTZDwRs.ltrans0.ltrans.o
                0x08003dd0                tagI2cBusBegin
 *fill*         0x08003e8c        0x4 
 .text.tagI2cDevicePowerOn.part.0
                0x08003e90       0x88 /var/folders/_r/_y0pts413n9663x9mdt4dvcw0000gq/T//ccTZDwRs.ltrans0.ltrans.o
                0x08003e90                tagI2cDevicePowerOn.part.0
 *fill*         0x08003f18        0x8 
 .text.rtcOn    0x08003f20        0xc /var/folders/_r/_y0pts413n9663x9mdt4dvcw0000gq/T//ccTZDwRs.ltrans0.ltrans.o
 *fill*         0x08003f2c        0x4 
 .text._unhandled_exception
                0x08003f30       0x3c /var/folders/_r/_y0pts413n9663x9mdt4dvcw0000gq/T//ccTZDwRs.ltrans0.ltrans.o
                0x08003f30                _unhandled_exception
 *fill*         0x08003f6c        0x4 
 .text.tagSpiDevicePowerOn
                0x08003f70       0x68 /var/folders/_r/_y0pts413n9663x9mdt4dvcw0000gq/T//ccTZDwRs.ltrans0.ltrans.o
                0x08003f70                tagSpiDevicePowerOn
 *fill*         0x08003fd8        0x8 
 .text.tagSpiDevicePowerOff
                0x08003fe0       0x94 /var/folders/_r/_y0pts413n9663x9mdt4dvcw0000gq/T//ccTZDwRs.ltrans0.ltrans.o
                0x08003fe0                tagSpiDevicePowerOff
 *fill*         0x08004074        0xc 
 .text.tagSpiBusBegin
                0x08004080      0x158 /var/folders/_r/_y0pts413n9663x9mdt4dvcw0000gq/T//ccTZDwRs.ltrans0.ltrans.o
                0x08004080                tagSpiBusBegin
 *fill*         0x080041d8        0x8 
 .text.tagSpiBusEnd
                0x080041e0       0xf0 /var/folders/_r/_y0pts413n9663x9mdt4dvcw0000gq/T//ccTZDwRs.ltrans0.ltrans.o
                0x080041e0                tagSpiBusEnd
 .text.NMI_Handler
                0x080042d0       0x48 /var/folders/_r/_y0pts413n9663x9mdt4dvcw0000gq/T//ccTZDwRs.ltrans0.ltrans.o
                0x080042d0                NMI_Handler
 *fill*         0x08004318        0x8 
 .text.tagUsartDevicePowerOn
                0x08004320       0x68 /var/folders/_r/_y0pts413n9663x9mdt4dvcw0000gq/T//ccTZDwRs.ltrans0.ltrans.o
                0x08004320                tagUsartDevicePowerOn
 *fill*         0x08004388        0x8 
 .text.tagUsartDevicePowerOff
                0x08004390       0x80 /var/folders/_r/_y0pts413n9663x9mdt4dvcw0000gq/T//ccTZDwRs.ltrans0.ltrans.o
                0x08004390                tagUsartDevicePowerOff
 .text.tagUsartBusBegin
                0x08004410      0x14c /var/folders/_r/_y0pts413n9663x9mdt4dvcw0000gq/T//ccTZDwRs.ltrans0.ltrans.o
                0x08004410                tagUsartBusBegin
 *fill*         0x0800455c        0x4 
 .text.mx25lWake.lto_priv.0
                0x08004560      0x118 /var/folders/_r/_y0pts413n9663x9mdt4dvcw0000gq/T//ccTZDwRs.ltrans0.ltrans.o
                0x08004560                mx25lWake.lto_priv.0
 *fill*         0x08004678        0x8 
 .text.tagUsartBusEnd
                0x08004680       0xb8 /var/folders/_r/_y0pts413n9663x9mdt4dvcw0000gq/T//ccTZDwRs.ltrans0.ltrans.o
                0x08004680                tagUsartBusEnd
 *fill*         0x08004738        0x8 
 .text.mx25lSleep.lto_priv.0
                0x08004740      0x120 /var/folders/_r/_y0pts413n9663x9mdt4dvcw0000gq/T//ccTZDwRs.ltrans0.ltrans.o
                0x08004740                mx25lSleep.lto_priv.0
 .text.debug_log_printf
                0x08004860      0x510 /var/folders/_r/_y0pts413n9663x9mdt4dvcw0000gq/T//ccTZDwRs.ltrans0.ltrans.o
                0x08004860                debug_log_printf
 .text.deviceInit
                0x08004d70       0xe4 /var/folders/_r/_y0pts413n9663x9mdt4dvcw0000gq/T//ccTZDwRs.ltrans0.ltrans.o
 *fill*         0x08004e54        0xc 
 .text.Reset    0x08004e60      0x1b4 /var/folders/_r/_y0pts413n9663x9mdt4dvcw0000gq/T//ccTZDwRs.ltrans0.ltrans.o
 *fill*         0x08005014        0xc 
 .text.SetTimeUnixSec
                0x08005020      0x330 /var/folders/_r/_y0pts413n9663x9mdt4dvcw0000gq/T//ccTZDwRs.ltrans0.ltrans.o
 .text.rv3028GetDateTime
                0x08005350      0x1dc /var/folders/_r/_y0pts413n9663x9mdt4dvcw0000gq/T//ccTZDwRs.ltrans0.ltrans.o
 *fill*         0x0800552c        0x4 
 .text.tag_test_rtc
                0x08005530       0x40 /var/folders/_r/_y0pts413n9663x9mdt4dvcw0000gq/T//ccTZDwRs.ltrans0.ltrans.o
 .text.mx25lCheckID.lto_priv.0
                0x08005570      0x118 /var/folders/_r/_y0pts413n9663x9mdt4dvcw0000gq/T//ccTZDwRs.ltrans0.ltrans.o
                0x08005570                mx25lCheckID.lto_priv.0
 *fill*         0x08005688        0x8 
 .text.tagImuTagSetTrigger
                0x08005690       0xb4 /var/folders/_r/_y0pts413n9663x9mdt4dvcw0000gq/T//ccTZDwRs.ltrans0.ltrans.o
 *fill*         0x08005744        0xc 
 .text.imuSetTrigger.lto_priv.0
                0x08005750        0x8 /var/folders/_r/_y0pts413n9663x9mdt4dvcw0000gq/T//ccTZDwRs.ltrans0.ltrans.o
                0x08005750                imuSetTrigger.lto_priv.0
 *fill*         0x08005758        0x8 
 .text.restartDataCollectionClock
                0x08005760      0x548 /var/folders/_r/_y0pts413n9663x9mdt4dvcw0000gq/T//ccTZDwRs.ltrans0.ltrans.o
 *fill*         0x08005ca8        0x8 
 .text.tagRegisterRead
                0x08005cb0      0x114 /var/folders/_r/_y0pts413n9663x9mdt4dvcw0000gq/T//ccTZDwRs.ltrans0.ltrans.o
                0x08005cb0                tagRegisterRead
 *fill*         0x08005dc4        0xc 
 .text.tag_test_lps22hh
                0x08005dd0      0x15c /var/folders/_r/_y0pts413n9663x9mdt4dvcw0000gq/T//ccTZDwRs.ltrans0.ltrans.o
 *fill*         0x08005f2c        0x4 
 .text.tag_test_ak09940a
                0x08005f30      0x1cc /var/folders/_r/_y0pts413n9663x9mdt4dvcw0000gq/T//ccTZDwRs.ltrans0.ltrans.o
 *fill*         0x080060fc        0x4 
 .text.st_read_sample
                0x08006100       0x8c /var/folders/_r/_y0pts413n9663x9mdt4dvcw0000gq/T//ccTZDwRs.ltrans0.ltrans.o
 *fill*         0x0800618c        0x4 
 .text.read_mag_payload_if_ready
                0x08006190       0x78 /var/folders/_r/_y0pts413n9663x9mdt4dvcw0000gq/T//ccTZDwRs.ltrans0.ltrans.o
 *fill*         0x08006208        0x8 
 .text.Running  0x08006210      0x9f4 /var/folders/_r/_y0pts413n9663x9mdt4dvcw0000gq/T//ccTZDwRs.ltrans0.ltrans.o
 *fill*         0x08006c04        0xc 
 .text.shutdown_registers.lto_priv.0
                0x08006c10      0x13c /var/folders/_r/_y0pts413n9663x9mdt4dvcw0000gq/T//ccTZDwRs.ltrans0.ltrans.o
                0x08006c10                shutdown_registers.lto_priv.0
 *fill*         0x08006d4c        0x4 
 .text.startup.main
                0x08006d50     0x17e0 /var/folders/_r/_y0pts413n9663x9mdt4dvcw0000gq/T//ccTZDwRs.ltrans0.ltrans.o
                0x08006d50                main
 .text.tag_test_lsm6dsv16x
                0x08008530      0x4ac /var/folders/_r/_y0pts413n9663x9mdt4dvcw0000gq/T//ccTZDwRs.ltrans0.ltrans.o
 *fill*         0x080089dc        0x4 
 .text.i2c_wait_clock
                0x080089e0       0x58 /var/folders/_r/_y0pts413n9663x9mdt4dvcw0000gq/T//ccTZDwRs.ltrans1.ltrans.o
 *fill*         0x08008a38        0x8 
 .text.i2c_write_stop
                0x08008a40       0xc4 /var/folders/_r/_y0pts413n9663x9mdt4dvcw0000gq/T//ccTZDwRs.ltrans1.ltrans.o
 *fill*         0x08008b04        0xc 
 .text.i2c_write_bit
                0x08008b10       0xa8 /var/folders/_r/_y0pts413n9663x9mdt4dvcw0000gq/T//ccTZDwRs.ltrans1.ltrans.o
 *fill*         0x08008bb8        0x8 
 .text.i2c_read_bit
                0x08008bc0       0x90 /var/folders/_r/_y0pts413n9663x9mdt4dvcw0000gq/T//ccTZDwRs.ltrans1.ltrans.o
 .text.i2c_write_byte
                0x08008c50       0x94 /var/folders/_r/_y0pts413n9663x9mdt4dvcw0000gq/T//ccTZDwRs.ltrans1.ltrans.o
 *fill*         0x08008ce4        0xc 
 .text.i2c_write_header
                0x08008cf0       0x64 /var/folders/_r/_y0pts413n9663x9mdt4dvcw0000gq/T//ccTZDwRs.ltrans1.ltrans.o
 *fill*         0x08008d54        0xc 
 .text._getsize.lto_priv.0
                0x08008d60        0x4 /var/folders/_r/_y0pts413n9663x9mdt4dvcw0000gq/T//ccTZDwRs.ltrans1.ltrans.o
                0x08008d60                _getsize.lto_priv.0
 *fill*         0x08008d64        0xc 
 .text._read.lto_priv.0
                0x08008d70       0x30 /var/folders/_r/_y0pts413n9663x9mdt4dvcw0000gq/T//ccTZDwRs.ltrans1.ltrans.o
                0x08008d70                _read.lto_priv.0
 .text._write.lto_priv.0
                0x08008da0       0x44 /var/folders/_r/_y0pts413n9663x9mdt4dvcw0000gq/T//ccTZDwRs.ltrans1.ltrans.o
                0x08008da0                _write.lto_priv.0
 *fill*         0x08008de4        0xc 
 .text.__idle_thread.lto_priv.0
                0x08008df0        0x4 /var/folders/_r/_y0pts413n9663x9mdt4dvcw0000gq/T//ccTZDwRs.ltrans1.ltrans.o
                0x08008df0                __idle_thread.lto_priv.0
 *fill*         0x08008df4        0xc 
 .text.__sch_wakeup.lto_priv.0
                0x08008e00       0x64 /var/folders/_r/_y0pts413n9663x9mdt4dvcw0000gq/T//ccTZDwRs.ltrans1.ltrans.o
                0x08008e00                __sch_wakeup.lto_priv.0
 *fill*         0x08008e64        0xc 
 .text.vt_insert_first.constprop.0
                0x08008e70       0x60 /var/folders/_r/_y0pts413n9663x9mdt4dvcw0000gq/T//ccTZDwRs.ltrans1.ltrans.o
 .text.__cpu_init
                0x08008ed0        0x4 /var/folders/_r/_y0pts413n9663x9mdt4dvcw0000gq/T//ccTZDwRs.ltrans1.ltrans.o
                0x08008ed0                __cpu_init
 *fill*         0x08008ed4        0xc 
 .text.__late_init
                0x08008ee0        0x4 /var/folders/_r/_y0pts413n9663x9mdt4dvcw0000gq/T//ccTZDwRs.ltrans1.ltrans.o
                0x08008ee0                __late_init
 *fill*         0x08008ee4        0xc 
 .text.__default_exit
                0x08008ef0        0x4 /var/folders/_r/_y0pts413n9663x9mdt4dvcw0000gq/T//ccTZDwRs.ltrans1.ltrans.o
                0x08008ef0                __default_exit
 *fill*         0x08008ef4        0xc 
 .text.__init_ram_areas
                0x08008f00       0x54 /var/folders/_r/_y0pts413n9663x9mdt4dvcw0000gq/T//ccTZDwRs.ltrans1.ltrans.o
                0x08008f00                __init_ram_areas
 *fill*         0x08008f54        0xc 
 .text.dmaStreamFree
                0x08008f60       0xac /var/folders/_r/_y0pts413n9663x9mdt4dvcw0000gq/T//ccTZDwRs.ltrans1.ltrans.o
                0x08008f60                dmaStreamFree
 *fill*         0x0800900c        0x4 
 .text.i2c_lld_master_transmit_timeout
                0x08009010      0x288 /var/folders/_r/_y0pts413n9663x9mdt4dvcw0000gq/T//ccTZDwRs.ltrans1.ltrans.o
                0x08009010                i2c_lld_master_transmit_timeout
 *fill*         0x08009298        0x8 
 .text.chVTDoResetI
                0x080092a0       0xa4 /var/folders/_r/_y0pts413n9663x9mdt4dvcw0000gq/T//ccTZDwRs.ltrans1.ltrans.o
                0x080092a0                chVTDoResetI
 *fill*         0x08009344        0xc 
 .text.__sch_reschedule_ahead.lto_priv.0
                0x08009350       0x3c /var/folders/_r/_y0pts413n9663x9mdt4dvcw0000gq/T//ccTZDwRs.ltrans1.ltrans.o
                0x08009350                chSchDoPreemption
                0x08009350                __sch_reschedule_ahead.lto_priv.0
 *fill*         0x0800938c        0x4 
 .text.chThdExit
                0x08009390       0x30 /var/folders/_r/_y0pts413n9663x9mdt4dvcw0000gq/T//ccTZDwRs.ltrans1.ltrans.o
                0x08009390                chThdExit
 .text.chSemSignalI
                0x080093c0       0x38 /var/folders/_r/_y0pts413n9663x9mdt4dvcw0000gq/T//ccTZDwRs.ltrans1.ltrans.o
                0x080093c0                chSemSignalI
 *fill*         0x080093f8        0x8 
 .text.chEvtSignalI
                0x08009400       0x40 /var/folders/_r/_y0pts413n9663x9mdt4dvcw0000gq/T//ccTZDwRs.ltrans1.ltrans.o
                0x08009400                chEvtSignalI
 .text.SVC_Handler
                0x08009440       0x20 /var/folders/_r/_y0pts413n9663x9mdt4dvcw0000gq/T//ccTZDwRs.ltrans1.ltrans.o
                0x08009440                SVC_Handler
 .text.__port_irq_epilogue.part.0
                0x08009460       0x40 /var/folders/_r/_y0pts413n9663x9mdt4dvcw0000gq/T//ccTZDwRs.ltrans1.ltrans.o
                0x08009460                __port_irq_epilogue.part.0
 .text.VectorB0
                0x080094a0      0x13c /var/folders/_r/_y0pts413n9663x9mdt4dvcw0000gq/T//ccTZDwRs.ltrans1.ltrans.o
                0x080094a0                VectorB0
 *fill*         0x080095dc        0x4 
 .text.Vector6C
                0x080095e0       0x48 /var/folders/_r/_y0pts413n9663x9mdt4dvcw0000gq/T//ccTZDwRs.ltrans1.ltrans.o
                0x080095e0                Vector6C
 *fill*         0x08009628        0x8 
 .text.Vector70
                0x08009630       0x4c /var/folders/_r/_y0pts413n9663x9mdt4dvcw0000gq/T//ccTZDwRs.ltrans1.ltrans.o
                0x08009630                Vector70
 *fill*         0x0800967c        0x4 
 .text.Vector74
                0x08009680       0x4c /var/folders/_r/_y0pts413n9663x9mdt4dvcw0000gq/T//ccTZDwRs.ltrans1.ltrans.o
                0x08009680                Vector74
 *fill*         0x080096cc        0x4 
 .text.Vector78
                0x080096d0       0x4c /var/folders/_r/_y0pts413n9663x9mdt4dvcw0000gq/T//ccTZDwRs.ltrans1.ltrans.o
                0x080096d0                Vector78
 *fill*         0x0800971c        0x4 
 .text.Vector7C
                0x08009720       0x4c /var/folders/_r/_y0pts413n9663x9mdt4dvcw0000gq/T//ccTZDwRs.ltrans1.ltrans.o
                0x08009720                Vector7C
 *fill*         0x0800976c        0x4 
 .text.Vector80
                0x08009770       0x4c /var/folders/_r/_y0pts413n9663x9mdt4dvcw0000gq/T//ccTZDwRs.ltrans1.ltrans.o
                0x08009770                Vector80
 *fill*         0x080097bc        0x4 
 .text.Vector84
                0x080097c0       0x4c /var/folders/_r/_y0pts413n9663x9mdt4dvcw0000gq/T//ccTZDwRs.ltrans1.ltrans.o
                0x080097c0                Vector84
 *fill*         0x0800980c        0x4 
 .text.Vector120
                0x08009810       0x48 /var/folders/_r/_y0pts413n9663x9mdt4dvcw0000gq/T//ccTZDwRs.ltrans1.ltrans.o
                0x08009810                Vector120
 *fill*         0x08009858        0x8 
 .text.Vector124
                0x08009860       0x4c /var/folders/_r/_y0pts413n9663x9mdt4dvcw0000gq/T//ccTZDwRs.ltrans1.ltrans.o
                0x08009860                Vector124
 *fill*         0x080098ac        0x4 
 .text.Vector128
                0x080098b0       0x4c /var/folders/_r/_y0pts413n9663x9mdt4dvcw0000gq/T//ccTZDwRs.ltrans1.ltrans.o
                0x080098b0                Vector128
 *fill*         0x080098fc        0x4 
 .text.Vector12C
                0x08009900       0x4c /var/folders/_r/_y0pts413n9663x9mdt4dvcw0000gq/T//ccTZDwRs.ltrans1.ltrans.o
                0x08009900                Vector12C
 *fill*         0x0800994c        0x4 
 .text.Vector130
                0x08009950       0x4c /var/folders/_r/_y0pts413n9663x9mdt4dvcw0000gq/T//ccTZDwRs.ltrans1.ltrans.o
                0x08009950                Vector130
 *fill*         0x0800999c        0x4 
 .text.Vector150
                0x080099a0       0x4c /var/folders/_r/_y0pts413n9663x9mdt4dvcw0000gq/T//ccTZDwRs.ltrans1.ltrans.o
                0x080099a0                Vector150
 *fill*         0x080099ec        0x4 
 .text.Vector154
                0x080099f0       0x4c /var/folders/_r/_y0pts413n9663x9mdt4dvcw0000gq/T//ccTZDwRs.ltrans1.ltrans.o
                0x080099f0                Vector154
 *fill*         0x08009a3c        0x4 
 .text.Vector48
                0x08009a40       0x78 /var/folders/_r/_y0pts413n9663x9mdt4dvcw0000gq/T//ccTZDwRs.ltrans1.ltrans.o
                0x08009a40                Vector48
 *fill*         0x08009ab8        0x8 
 .text.Vector4C
                0x08009ac0       0x54 /var/folders/_r/_y0pts413n9663x9mdt4dvcw0000gq/T//ccTZDwRs.ltrans1.ltrans.o
                0x08009ac0                Vector4C
 *fill*         0x08009b14        0xc 
 .text.VectorE4
                0x08009b20       0x68 /var/folders/_r/_y0pts413n9663x9mdt4dvcw0000gq/T//ccTZDwRs.ltrans1.ltrans.o
                0x08009b20                VectorE4
 *fill*         0x08009b88        0x8 
 .text.dmaStreamAllocI.part.0.constprop.0
                0x08009b90       0x9c /var/folders/_r/_y0pts413n9663x9mdt4dvcw0000gq/T//ccTZDwRs.ltrans1.ltrans.o
                0x08009b90                dmaStreamAllocI.part.0.constprop.0
 *fill*         0x08009c2c        0x4 
 .text.writeDataLog.constprop.0
                0x08009c30       0x58 /var/folders/_r/_y0pts413n9663x9mdt4dvcw0000gq/T//ccTZDwRs.ltrans1.ltrans.o
                0x08009c30                writeDataLog.constprop.0
 *fill*         0x08009c88        0x8 
 .text.tagRegisterWrite.constprop.0
                0x08009c90      0x124 /var/folders/_r/_y0pts413n9663x9mdt4dvcw0000gq/T//ccTZDwRs.ltrans1.ltrans.o
                0x08009c90                tagRegisterWrite.constprop.0
 *fill*         0x08009db4        0xc 
 .text.ak09940aInitContinuous.constprop.0
                0x08009dc0       0x60 /var/folders/_r/_y0pts413n9663x9mdt4dvcw0000gq/T//ccTZDwRs.ltrans1.ltrans.o
                0x08009dc0                ak09940aInitContinuous.constprop.0
 .text.rtc_lld_set_time.constprop.0
                0x08009e20      0x16c /var/folders/_r/_y0pts413n9663x9mdt4dvcw0000gq/T//ccTZDwRs.ltrans1.ltrans.o
                0x08009e20                rtc_lld_set_time.constprop.0
 *fill*         0x08009f8c        0x4 
 .text.vt_enqueue.constprop.0
                0x08009f90       0x9c /var/folders/_r/_y0pts413n9663x9mdt4dvcw0000gq/T//ccTZDwRs.ltrans1.ltrans.o
                0x08009f90                vt_enqueue.constprop.0
 *fill*         0x0800a02c        0x4 
 .text.chThdSleep
                0x0800a030       0x7c /var/folders/_r/_y0pts413n9663x9mdt4dvcw0000gq/T//ccTZDwRs.ltrans1.ltrans.o
                0x0800a030                chThdSleep
 *fill*         0x0800a0ac        0x4 
 .text.rv3028EEPROMExec.constprop.0
                0x0800a0b0      0x2bc /var/folders/_r/_y0pts413n9663x9mdt4dvcw0000gq/T//ccTZDwRs.ltrans1.ltrans.o
                0x0800a0b0                rv3028EEPROMExec.constprop.0
 *fill*         0x0800a36c        0x4 
 .text.lps22hh_set_idle_device.constprop.0.isra.0
                0x0800a370       0x60 /var/folders/_r/_y0pts413n9663x9mdt4dvcw0000gq/T//ccTZDwRs.ltrans1.ltrans.o
                0x0800a370                lps22hh_set_idle_device.constprop.0.isra.0
 .text.deinitSensors.isra.0
                0x0800a3d0       0x74 /var/folders/_r/_y0pts413n9663x9mdt4dvcw0000gq/T//ccTZDwRs.ltrans1.ltrans.o
                0x0800a3d0                deinitSensors.isra.0
 *fill*         0x0800a444        0xc 
 .text.deinitDataCollection.isra.0
                0x0800a450       0xa4 /var/folders/_r/_y0pts413n9663x9mdt4dvcw0000gq/T//ccTZDwRs.ltrans1.ltrans.o
                0x0800a450                deinitDataCollection.isra.0
 *fill*         0x0800a4f4        0xc 
 .text.reg_update.isra.0
                0x0800a500       0x48 /var/folders/_r/_y0pts413n9663x9mdt4dvcw0000gq/T//ccTZDwRs.ltrans1.ltrans.o
                0x0800a500                reg_update.isra.0
 *fill*         0x0800a548        0x8 
 .text.pb_encode_tag_for_field.isra.0
                0x0800a550       0x4c /var/folders/_r/_y0pts413n9663x9mdt4dvcw0000gq/T//ccTZDwRs.ltrans1.ltrans.o
                0x0800a550                pb_encode_tag_for_field.isra.0
 .text.memset   0x0800a59c       0x9c /Applications/ArmGNUToolchain/14.2.rel1/arm-none-eabi/bin/../lib/gcc/arm-none-eabi/14.2.1/../../../../arm-none-eabi/lib/thumb/v7e-m+fp/softfp/libc.a(libc_a-memset.o)
                0x0800a59c                memset
 .text.strncpy  0x0800a638       0x68 /Applications/ArmGNUToolchain/14.2.rel1/arm-none-eabi/bin/../lib/gcc/arm-none-eabi/14.2.1/../../../../arm-none-eabi/lib/thumb/v7e-m+fp/softfp/libc.a(libc_a-strncpy.o)
                0x0800a638                strncpy
 .text.__udivmoddi4
                0x0800a6a0      0x2f8 /Applications/ArmGNUToolchain/14.2.rel1/arm-none-eabi/bin/../lib/gcc/arm-none-eabi/14.2.1/thumb/v7e-m+fp/softfp/libgcc.a(_udivmoddi4.o)
                0x0800a6a0                __udivmoddi4
 *(.glue_7t)
 .glue_7t       0x0800a998        0x0 linker stubs
 *(.glue_7)
 .glue_7        0x0800a998        0x0 linker stubs
 *(.gcc*)
                0x0800a998                        __text_end__ = .

.vfp11_veneer   0x0800a998        0x0
 .vfp11_veneer  0x0800a998        0x0 linker stubs

.v4_bx          0x0800a998        0x0
 .v4_bx         0x0800a998        0x0 linker stubs

.iplt           0x0800a998        0x0
 .iplt          0x0800a998        0x0 /Users/geobrown/Research/tag-designs/software/build-embedded/embedded/tags/IMUTagBreakout/build/obj/crt0_v7m.o

.rodata         0x0800a998     0x13b8
                0x0800a998                        __rodata_base__ = .
 *(.rodata)
 *(.rodata.*)
 .rodata.pb_decode_varint32_eof.str1.4
                0x0800a998      0x9fb /var/folders/_r/_y0pts413n9663x9mdt4dvcw0000gq/T//ccTZDwRs.ltrans0.ltrans.o
                                 0x20 (size before relaxing)
 .rodata.pb_make_string_substream.str1.4
                0x0800b393       0x18 /var/folders/_r/_y0pts413n9663x9mdt4dvcw0000gq/T//ccTZDwRs.ltrans0.ltrans.o
 .rodata.pb_write.str1.4
                0x0800b393        0xc /var/folders/_r/_y0pts413n9663x9mdt4dvcw0000gq/T//ccTZDwRs.ltrans0.ltrans.o
 .rodata.pb_enc_fixed.str1.4
                0x0800b393       0x12 /var/folders/_r/_y0pts413n9663x9mdt4dvcw0000gq/T//ccTZDwRs.ltrans0.ltrans.o
 .rodata.pb_skip_field.str1.4
                0x0800b393       0x12 /var/folders/_r/_y0pts413n9663x9mdt4dvcw0000gq/T//ccTZDwRs.ltrans0.ltrans.o
 .rodata.decode_field.str1.4
                0x0800b393       0x60 /var/folders/_r/_y0pts413n9663x9mdt4dvcw0000gq/T//ccTZDwRs.ltrans0.ltrans.o
 .rodata.pb_decode_inner.str1.4
                0x0800b393       0x5b /var/folders/_r/_y0pts413n9663x9mdt4dvcw0000gq/T//ccTZDwRs.ltrans0.ltrans.o
 .rodata.decode_basic_field.str1.4
                0x0800b393       0x92 /var/folders/_r/_y0pts413n9663x9mdt4dvcw0000gq/T//ccTZDwRs.ltrans0.ltrans.o
 .rodata.encode_basic_field.part.0.str1.4
                0x0800b393       0x50 /var/folders/_r/_y0pts413n9663x9mdt4dvcw0000gq/T//ccTZDwRs.ltrans0.ltrans.o
 .rodata.encode_field.str1.4
                0x0800b393       0x2f /var/folders/_r/_y0pts413n9663x9mdt4dvcw0000gq/T//ccTZDwRs.ltrans0.ltrans.o
 .rodata.debug_log_printf.str1.4
                0x0800b393        0x7 /var/folders/_r/_y0pts413n9663x9mdt4dvcw0000gq/T//ccTZDwRs.ltrans0.ltrans.o
 .rodata.deviceInit.str1.4
                0x0800b393       0x1c /var/folders/_r/_y0pts413n9663x9mdt4dvcw0000gq/T//ccTZDwRs.ltrans0.ltrans.o
 .rodata.SetTimeUnixSec.str1.4
                0x0800b393       0x21 /var/folders/_r/_y0pts413n9663x9mdt4dvcw0000gq/T//ccTZDwRs.ltrans0.ltrans.o
 .rodata.rv3028GetDateTime.str1.4
                0x0800b393       0x22 /var/folders/_r/_y0pts413n9663x9mdt4dvcw0000gq/T//ccTZDwRs.ltrans0.ltrans.o
 .rodata.mx25lCheckID.lto_priv.0.str1.4
                0x0800b393       0x23 /var/folders/_r/_y0pts413n9663x9mdt4dvcw0000gq/T//ccTZDwRs.ltrans0.ltrans.o
 .rodata.tagImuTagSetTrigger.str1.4
                0x0800b393       0x39 /var/folders/_r/_y0pts413n9663x9mdt4dvcw0000gq/T//ccTZDwRs.ltrans0.ltrans.o
 .rodata.restartDataCollectionClock.str1.4
                0x0800b393       0xc3 /var/folders/_r/_y0pts413n9663x9mdt4dvcw0000gq/T//ccTZDwRs.ltrans0.ltrans.o
 .rodata.Running.str1.4
                0x0800b393      0x121 /var/folders/_r/_y0pts413n9663x9mdt4dvcw0000gq/T//ccTZDwRs.ltrans0.ltrans.o
 .rodata.main.str1.4
                0x0800b393      0x184 /var/folders/_r/_y0pts413n9663x9mdt4dvcw0000gq/T//ccTZDwRs.ltrans0.ltrans.o
 .rodata.tag_test_lsm6dsv16x.str1.4
                0x0800b393      0x32b /var/folders/_r/_y0pts413n9663x9mdt4dvcw0000gq/T//ccTZDwRs.ltrans0.ltrans.o
 *fill*         0x0800b393        0x1 
 .rodata.rtc_i2c_config
                0x0800b394       0x10 /var/folders/_r/_y0pts413n9663x9mdt4dvcw0000gq/T//ccTZDwRs.ltrans0.ltrans.o
 .rodata.SensorData_MagData_submsg_info
                0x0800b3a4        0x4 /var/folders/_r/_y0pts413n9663x9mdt4dvcw0000gq/T//ccTZDwRs.ltrans0.ltrans.o
 .rodata.SensorData_MagData_field_info
                0x0800b3a8       0x10 /var/folders/_r/_y0pts413n9663x9mdt4dvcw0000gq/T//ccTZDwRs.ltrans0.ltrans.o
 .rodata.SensorData_AccelData_submsg_info
                0x0800b3b8        0x4 /var/folders/_r/_y0pts413n9663x9mdt4dvcw0000gq/T//ccTZDwRs.ltrans0.ltrans.o
 .rodata.SensorData_AccelData_field_info
                0x0800b3bc       0x10 /var/folders/_r/_y0pts413n9663x9mdt4dvcw0000gq/T//ccTZDwRs.ltrans0.ltrans.o
 .rodata.SensorData_MagData_msg
                0x0800b3cc       0x18 /var/folders/_r/_y0pts413n9663x9mdt4dvcw0000gq/T//ccTZDwRs.ltrans0.ltrans.o
 .rodata.SensorData_AccelData_msg
                0x0800b3e4       0x18 /var/folders/_r/_y0pts413n9663x9mdt4dvcw0000gq/T//ccTZDwRs.ltrans0.ltrans.o
 .rodata.IMUTagLogData_submsg_info
                0x0800b3fc        0x4 /var/folders/_r/_y0pts413n9663x9mdt4dvcw0000gq/T//ccTZDwRs.ltrans0.ltrans.o
 .rodata.IMUTagLogData_field_info
                0x0800b400       0x1c /var/folders/_r/_y0pts413n9663x9mdt4dvcw0000gq/T//ccTZDwRs.ltrans0.ltrans.o
 .rodata.SensorData_submsg_info
                0x0800b41c        0xc /var/folders/_r/_y0pts413n9663x9mdt4dvcw0000gq/T//ccTZDwRs.ltrans0.ltrans.o
 .rodata.SensorData_field_info
                0x0800b428       0x14 /var/folders/_r/_y0pts413n9663x9mdt4dvcw0000gq/T//ccTZDwRs.ltrans0.ltrans.o
 .rodata.State_submsg_info
                0x0800b43c        0x8 /var/folders/_r/_y0pts413n9663x9mdt4dvcw0000gq/T//ccTZDwRs.ltrans0.ltrans.o
 .rodata.State_field_info
                0x0800b444       0x10 /var/folders/_r/_y0pts413n9663x9mdt4dvcw0000gq/T//ccTZDwRs.ltrans0.ltrans.o
 .rodata.IMUTagLogData_msg
                0x0800b454       0x18 /var/folders/_r/_y0pts413n9663x9mdt4dvcw0000gq/T//ccTZDwRs.ltrans0.ltrans.o
 .rodata.SensorData_msg
                0x0800b46c       0x18 /var/folders/_r/_y0pts413n9663x9mdt4dvcw0000gq/T//ccTZDwRs.ltrans0.ltrans.o
 .rodata.State_msg
                0x0800b484       0x18 /var/folders/_r/_y0pts413n9663x9mdt4dvcw0000gq/T//ccTZDwRs.ltrans0.ltrans.o
 .rodata.IMUTagRawLog_submsg_info
                0x0800b49c        0x4 /var/folders/_r/_y0pts413n9663x9mdt4dvcw0000gq/T//ccTZDwRs.ltrans0.ltrans.o
 .rodata.IMUTagRawLog_field_info
                0x0800b4a0       0x24 /var/folders/_r/_y0pts413n9663x9mdt4dvcw0000gq/T//ccTZDwRs.ltrans0.ltrans.o
 .rodata.IMUTagLog_submsg_info
                0x0800b4c4        0x8 /var/folders/_r/_y0pts413n9663x9mdt4dvcw0000gq/T//ccTZDwRs.ltrans0.ltrans.o
 .rodata.IMUTagLog_field_info
                0x0800b4cc       0x24 /var/folders/_r/_y0pts413n9663x9mdt4dvcw0000gq/T//ccTZDwRs.ltrans0.ltrans.o
 .rodata.CalibrationLog_submsg_info
                0x0800b4f0        0x8 /var/folders/_r/_y0pts413n9663x9mdt4dvcw0000gq/T//ccTZDwRs.ltrans0.ltrans.o
 .rodata.CalibrationLog_field_info
                0x0800b4f8        0xc /var/folders/_r/_y0pts413n9663x9mdt4dvcw0000gq/T//ccTZDwRs.ltrans0.ltrans.o
 .rodata.StateLog_submsg_info
                0x0800b504        0x8 /var/folders/_r/_y0pts413n9663x9mdt4dvcw0000gq/T//ccTZDwRs.ltrans0.ltrans.o
 .rodata.StateLog_field_info
                0x0800b50c        0xc /var/folders/_r/_y0pts413n9663x9mdt4dvcw0000gq/T//ccTZDwRs.ltrans0.ltrans.o
 .rodata.Status_submsg_info
                0x0800b518        0x4 /var/folders/_r/_y0pts413n9663x9mdt4dvcw0000gq/T//ccTZDwRs.ltrans0.ltrans.o
 .rodata.Status_field_info
                0x0800b51c       0x30 /var/folders/_r/_y0pts413n9663x9mdt4dvcw0000gq/T//ccTZDwRs.ltrans0.ltrans.o
 .rodata.TagInfo_submsg_info
                0x0800b54c        0x4 /var/folders/_r/_y0pts413n9663x9mdt4dvcw0000gq/T//ccTZDwRs.ltrans0.ltrans.o
 .rodata.TagInfo_field_info
                0x0800b550       0x74 /var/folders/_r/_y0pts413n9663x9mdt4dvcw0000gq/T//ccTZDwRs.ltrans0.ltrans.o
 .rodata.IMUTagRawLog_msg
                0x0800b5c4       0x18 /var/folders/_r/_y0pts413n9663x9mdt4dvcw0000gq/T//ccTZDwRs.ltrans0.ltrans.o
 .rodata.IMUTagLog_msg
                0x0800b5dc       0x18 /var/folders/_r/_y0pts413n9663x9mdt4dvcw0000gq/T//ccTZDwRs.ltrans0.ltrans.o
 .rodata.CalibrationLog_msg
                0x0800b5f4       0x18 /var/folders/_r/_y0pts413n9663x9mdt4dvcw0000gq/T//ccTZDwRs.ltrans0.ltrans.o
 .rodata.StateLog_msg
                0x0800b60c       0x18 /var/folders/_r/_y0pts413n9663x9mdt4dvcw0000gq/T//ccTZDwRs.ltrans0.ltrans.o
 .rodata.Status_msg
                0x0800b624       0x18 /var/folders/_r/_y0pts413n9663x9mdt4dvcw0000gq/T//ccTZDwRs.ltrans0.ltrans.o
 .rodata.TagInfo_msg
                0x0800b63c       0x18 /var/folders/_r/_y0pts413n9663x9mdt4dvcw0000gq/T//ccTZDwRs.ltrans0.ltrans.o
 .rodata.Ack_submsg_info
                0x0800b654       0x24 /var/folders/_r/_y0pts413n9663x9mdt4dvcw0000gq/T//ccTZDwRs.ltrans0.ltrans.o
 .rodata.Ack_field_info
                0x0800b678       0x54 /var/folders/_r/_y0pts413n9663x9mdt4dvcw0000gq/T//ccTZDwRs.ltrans0.ltrans.o
 .rodata.CalibrationConstants_MagConstants_submsg_info
                0x0800b6cc        0x4 /var/folders/_r/_y0pts413n9663x9mdt4dvcw0000gq/T//ccTZDwRs.ltrans0.ltrans.o
 .rodata.CalibrationConstants_MagConstants_field_info
                0x0800b6d0       0x38 /var/folders/_r/_y0pts413n9663x9mdt4dvcw0000gq/T//ccTZDwRs.ltrans0.ltrans.o
 .rodata.CalibrationConstants_MagConstants_msg
                0x0800b708       0x18 /var/folders/_r/_y0pts413n9663x9mdt4dvcw0000gq/T//ccTZDwRs.ltrans0.ltrans.o
 .rodata.Lsm6dsv_submsg_info
                0x0800b720        0x4 /var/folders/_r/_y0pts413n9663x9mdt4dvcw0000gq/T//ccTZDwRs.ltrans0.ltrans.o
 .rodata.Lsm6dsv_field_info
                0x0800b724       0x10 /var/folders/_r/_y0pts413n9663x9mdt4dvcw0000gq/T//ccTZDwRs.ltrans0.ltrans.o
 .rodata.Config_Interval_submsg_info
                0x0800b734        0x4 /var/folders/_r/_y0pts413n9663x9mdt4dvcw0000gq/T//ccTZDwRs.ltrans0.ltrans.o
 .rodata.Config_Interval_field_info
                0x0800b738        0xc /var/folders/_r/_y0pts413n9663x9mdt4dvcw0000gq/T//ccTZDwRs.ltrans0.ltrans.o
 .rodata.CalibrationConstants_submsg_info
                0x0800b744        0x8 /var/folders/_r/_y0pts413n9663x9mdt4dvcw0000gq/T//ccTZDwRs.ltrans0.ltrans.o
 .rodata.CalibrationConstants_field_info
                0x0800b74c       0x10 /var/folders/_r/_y0pts413n9663x9mdt4dvcw0000gq/T//ccTZDwRs.ltrans0.ltrans.o
 .rodata.LogReq_submsg_info
                0x0800b75c        0x4 /var/folders/_r/_y0pts413n9663x9mdt4dvcw0000gq/T//ccTZDwRs.ltrans0.ltrans.o
 .rodata.LogReq_field_info
                0x0800b760        0xc /var/folders/_r/_y0pts413n9663x9mdt4dvcw0000gq/T//ccTZDwRs.ltrans0.ltrans.o
 .rodata.Empty_submsg_info
                0x0800b76c        0x4 /var/folders/_r/_y0pts413n9663x9mdt4dvcw0000gq/T//ccTZDwRs.ltrans0.ltrans.o
 .rodata.Empty_field_info
                0x0800b770        0x4 /var/folders/_r/_y0pts413n9663x9mdt4dvcw0000gq/T//ccTZDwRs.ltrans0.ltrans.o
 .rodata.Lsm6dsv_msg
                0x0800b774       0x18 /var/folders/_r/_y0pts413n9663x9mdt4dvcw0000gq/T//ccTZDwRs.ltrans0.ltrans.o
 .rodata.Config_Interval_msg
                0x0800b78c       0x18 /var/folders/_r/_y0pts413n9663x9mdt4dvcw0000gq/T//ccTZDwRs.ltrans0.ltrans.o
 .rodata.CalibrationConstants_msg
                0x0800b7a4       0x18 /var/folders/_r/_y0pts413n9663x9mdt4dvcw0000gq/T//ccTZDwRs.ltrans0.ltrans.o
 .rodata.LogReq_msg
                0x0800b7bc       0x18 /var/folders/_r/_y0pts413n9663x9mdt4dvcw0000gq/T//ccTZDwRs.ltrans0.ltrans.o
 .rodata.Empty_msg
                0x0800b7d4       0x18 /var/folders/_r/_y0pts413n9663x9mdt4dvcw0000gq/T//ccTZDwRs.ltrans0.ltrans.o
 .rodata.Config_submsg_info
                0x0800b7ec       0x10 /var/folders/_r/_y0pts413n9663x9mdt4dvcw0000gq/T//ccTZDwRs.ltrans0.ltrans.o
 .rodata.Config_field_info
                0x0800b7fc       0x2c /var/folders/_r/_y0pts413n9663x9mdt4dvcw0000gq/T//ccTZDwRs.ltrans0.ltrans.o
 .rodata.Req_submsg_info
                0x0800b828       0x2c /var/folders/_r/_y0pts413n9663x9mdt4dvcw0000gq/T//ccTZDwRs.ltrans0.ltrans.o
 .rodata.Req_field_info
                0x0800b854       0x60 /var/folders/_r/_y0pts413n9663x9mdt4dvcw0000gq/T//ccTZDwRs.ltrans0.ltrans.o
 .rodata.lps_registers.lto_priv.0
                0x0800b8b4       0x3c /var/folders/_r/_y0pts413n9663x9mdt4dvcw0000gq/T//ccTZDwRs.ltrans0.ltrans.o
                0x0800b8b4                lps_registers.lto_priv.0
 .rodata.imu_registers.lto_priv.0
                0x0800b8f0       0x3c /var/folders/_r/_y0pts413n9663x9mdt4dvcw0000gq/T//ccTZDwRs.ltrans0.ltrans.o
                0x0800b8f0                imu_registers.lto_priv.0
 .rodata.mx25lStorageOps
                0x0800b92c       0x18 /var/folders/_r/_y0pts413n9663x9mdt4dvcw0000gq/T//ccTZDwRs.ltrans0.ltrans.o
                0x0800b92c                mx25lStorageOps
 .rodata.rtc_i2c
                0x0800b944       0x20 /var/folders/_r/_y0pts413n9663x9mdt4dvcw0000gq/T//ccTZDwRs.ltrans0.ltrans.o
 *fill*         0x0800b964        0x4 
 .rodata.odr_trig_table
                0x0800b968       0x3c /var/folders/_r/_y0pts413n9663x9mdt4dvcw0000gq/T//ccTZDwRs.ltrans0.ltrans.o
 .rodata.mon_lengths
                0x0800b9a4       0x60 /var/folders/_r/_y0pts413n9663x9mdt4dvcw0000gq/T//ccTZDwRs.ltrans0.ltrans.o
 .rodata.tagSpiDefaultConfig
                0x0800ba04        0x8 /var/folders/_r/_y0pts413n9663x9mdt4dvcw0000gq/T//ccTZDwRs.ltrans0.ltrans.o
                0x0800ba04                tagSpiDefaultConfig
 .rodata.rtc_bus
                0x0800ba0c       0x20 /var/folders/_r/_y0pts413n9663x9mdt4dvcw0000gq/T//ccTZDwRs.ltrans0.ltrans.o
 .rodata.marker.0
                0x0800ba2c        0x4 /var/folders/_r/_y0pts413n9663x9mdt4dvcw0000gq/T//ccTZDwRs.ltrans0.ltrans.o
 .rodata.Ack_msg
                0x0800ba30       0x18 /var/folders/_r/_y0pts413n9663x9mdt4dvcw0000gq/T//ccTZDwRs.ltrans0.ltrans.o
 .rodata._stm32_dma_streams
                0x0800ba48      0x118 /var/folders/_r/_y0pts413n9663x9mdt4dvcw0000gq/T//ccTZDwRs.ltrans0.ltrans.o
                0x0800ba48                _stm32_dma_streams
 .rodata.str1.4
                0x0800bb60        0x3 /var/folders/_r/_y0pts413n9663x9mdt4dvcw0000gq/T//ccTZDwRs.ltrans0.ltrans.o
 .rodata.ch_core0_cfg
                0x0800bb60        0xc /var/folders/_r/_y0pts413n9663x9mdt4dvcw0000gq/T//ccTZDwRs.ltrans0.ltrans.o
 .rodata.vmt    0x0800bb6c       0x18 /var/folders/_r/_y0pts413n9663x9mdt4dvcw0000gq/T//ccTZDwRs.ltrans0.ltrans.o
 .rodata.tagRtcI2cController
                0x0800bb84        0x8 /var/folders/_r/_y0pts413n9663x9mdt4dvcw0000gq/T//ccTZDwRs.ltrans0.ltrans.o
 .rodata.Config_msg
                0x0800bb8c       0x18 /var/folders/_r/_y0pts413n9663x9mdt4dvcw0000gq/T//ccTZDwRs.ltrans0.ltrans.o
 .rodata.tag_default_config
                0x0800bba4        0xc /var/folders/_r/_y0pts413n9663x9mdt4dvcw0000gq/T//ccTZDwRs.ltrans0.ltrans.o
 .rodata.Req_msg
                0x0800bbb0       0x18 /var/folders/_r/_y0pts413n9663x9mdt4dvcw0000gq/T//ccTZDwRs.ltrans0.ltrans.o
 .rodata.tag_tests
                0x0800bbc8       0x3c /var/folders/_r/_y0pts413n9663x9mdt4dvcw0000gq/T//ccTZDwRs.ltrans0.ltrans.o
 .rodata.tagImuTagMagDevice
                0x0800bc04       0x3c /var/folders/_r/_y0pts413n9663x9mdt4dvcw0000gq/T//ccTZDwRs.ltrans0.ltrans.o
                0x0800bc04                tagImuTagMagDevice
 .rodata.tagImuTagPressureDevice
                0x0800bc40        0x4 /var/folders/_r/_y0pts413n9663x9mdt4dvcw0000gq/T//ccTZDwRs.ltrans0.ltrans.o
                0x0800bc40                tagImuTagPressureDevice
 .rodata.tagImuTagImuDevice
                0x0800bc44        0xc /var/folders/_r/_y0pts413n9663x9mdt4dvcw0000gq/T//ccTZDwRs.ltrans0.ltrans.o
                0x0800bc44                tagImuTagImuDevice
 .rodata.tagExternalFlash
                0x0800bc50       0x34 /var/folders/_r/_y0pts413n9663x9mdt4dvcw0000gq/T//ccTZDwRs.ltrans0.ltrans.o
                0x0800bc50                tagExternalFlash
 .rodata.rtc_device
                0x0800bc84        0xc /var/folders/_r/_y0pts413n9663x9mdt4dvcw0000gq/T//ccTZDwRs.ltrans0.ltrans.o
 .rodata.SHAStr
                0x0800bc90       0x40 /var/folders/_r/_y0pts413n9663x9mdt4dvcw0000gq/T//ccTZDwRs.ltrans0.ltrans.o
 .rodata.deinitSensors.isra.0.str1.4
                0x0800bcd0       0x2c /var/folders/_r/_y0pts413n9663x9mdt4dvcw0000gq/T//ccTZDwRs.ltrans1.ltrans.o
 .rodata.deinitDataCollection.isra.0.str1.4
                0x0800bcd0       0x2b /var/folders/_r/_y0pts413n9663x9mdt4dvcw0000gq/T//ccTZDwRs.ltrans1.ltrans.o
 .rodata.pb_encode_tag_for_field.isra.0.str1.4
                0x0800bcd0       0x13 /var/folders/_r/_y0pts413n9663x9mdt4dvcw0000gq/T//ccTZDwRs.ltrans1.ltrans.o
 .rodata.ram_areas
                0x0800bcd0       0x80 /var/folders/_r/_y0pts413n9663x9mdt4dvcw0000gq/T//ccTZDwRs.ltrans1.ltrans.o
                0x0800bd50                        . = ALIGN (0x4)
                0x0800bd50                        __rodata_end__ = .

.ARM.extab
 *(.ARM.extab* .gnu.linkonce.armextab.*)

.ARM.exidx      0x0800bd50        0x8
                0x0800bd50                        __exidx_base__ = .
                0x0800bd50                        __exidx_start = .
 *(.ARM.exidx* .gnu.linkonce.armexidx.*)
 .ARM.exidx     0x0800bd50        0x8 /Applications/ArmGNUToolchain/14.2.rel1/arm-none-eabi/bin/../lib/gcc/arm-none-eabi/14.2.1/../../../../arm-none-eabi/lib/thumb/v7e-m+fp/softfp/libc.a(libc_a-memcpy.o)
 .ARM.exidx.text.__udivmoddi4
                0x0800bd58        0x0 /Applications/ArmGNUToolchain/14.2.rel1/arm-none-eabi/bin/../lib/gcc/arm-none-eabi/14.2.1/thumb/v7e-m+fp/softfp/libgcc.a(_udivmoddi4.o)
                                  0x8 (size before relaxing)
                0x0800bd58                        __exidx_end__ = .
                0x0800bd58                        __exidx_end = .

.rel.dyn        0x0800bd58        0x0
 .rel.iplt      0x0800bd58        0x0 /Users/geobrown/Research/tag-designs/software/build-embedded/embedded/tags/IMUTagBreakout/build/obj/crt0_v7m.o

.eh_frame_hdr
 *(.eh_frame_hdr)

.eh_frame
 *(.eh_frame)

.data           0x20001000       0x10 load address 0x0800bd58
                [!provide]                        PROVIDE (_textdata = LOADADDR (.data))
                [!provide]                        PROVIDE (_data = .)
                0x0800bd58                        __textdata_base__ = LOADADDR (.data)
                0x20001000                        __data_base__ = .
 *(.data)
 *(.data.*)
 .data._rtc_lld_vmt
                0x20001000       0x10 /var/folders/_r/_y0pts413n9663x9mdt4dvcw0000gq/T//ccTZDwRs.ltrans0.ltrans.o
 *(.ramtext)
                0x20001010                        . = ALIGN (0x4)
                [!provide]                        PROVIDE (_edata = .)
                0x20001010                        __data_end__ = .

.igot.plt       0x20001010        0x0 load address 0x0800bd68
 .igot.plt      0x20001010        0x0 /Users/geobrown/Research/tag-designs/software/build-embedded/embedded/tags/IMUTagBreakout/build/obj/crt0_v7m.o

.bss            0x20001010      0x4d4 load address 0x0800bd68
                0x20001010                        __bss_base__ = .
 *(.bss)
 *(.bss.*)
 .bss.ch_c0_idle_thread_wa
                0x20001010      0x1d8 /var/folders/_r/_y0pts413n9663x9mdt4dvcw0000gq/T//ccTZDwRs.ltrans0.ltrans.o
 .bss.I2CRTC    0x200011e8       0x14 /var/folders/_r/_y0pts413n9663x9mdt4dvcw0000gq/T//ccTZDwRs.ltrans0.ltrans.o
 .bss.fifo_trace_logs
                0x200011fc        0x1 /var/folders/_r/_y0pts413n9663x9mdt4dvcw0000gq/T//ccTZDwRs.ltrans0.ltrans.o
 *fill*         0x200011fd        0x3 
 .bss.data.0.lto_priv.0
                0x20001200       0x80 /var/folders/_r/_y0pts413n9663x9mdt4dvcw0000gq/T//ccTZDwRs.ltrans0.ltrans.o
                0x20001200                data.0.lto_priv.0
 .bss.environment_block_counter
                0x20001280        0x2 /var/folders/_r/_y0pts413n9663x9mdt4dvcw0000gq/T//ccTZDwRs.ltrans0.ltrans.o
 .bss.have_pressure_sample
                0x20001282        0x1 /var/folders/_r/_y0pts413n9663x9mdt4dvcw0000gq/T//ccTZDwRs.ltrans0.ltrans.o
 *fill*         0x20001283        0x1 
 .bss.latest_mz
                0x20001284        0x2 /var/folders/_r/_y0pts413n9663x9mdt4dvcw0000gq/T//ccTZDwRs.ltrans0.ltrans.o
 .bss.latest_my
                0x20001286        0x2 /var/folders/_r/_y0pts413n9663x9mdt4dvcw0000gq/T//ccTZDwRs.ltrans0.ltrans.o
 .bss.latest_mx
                0x20001288        0x2 /var/folders/_r/_y0pts413n9663x9mdt4dvcw0000gq/T//ccTZDwRs.ltrans0.ltrans.o
 .bss.latest_rawtemp
                0x2000128a        0x2 /var/folders/_r/_y0pts413n9663x9mdt4dvcw0000gq/T//ccTZDwRs.ltrans0.ltrans.o
 .bss.latest_pressure
                0x2000128c        0x2 /var/folders/_r/_y0pts413n9663x9mdt4dvcw0000gq/T//ccTZDwRs.ltrans0.ltrans.o
 .bss.block_sample_count
                0x2000128e        0x2 /var/folders/_r/_y0pts413n9663x9mdt4dvcw0000gq/T//ccTZDwRs.ltrans0.ltrans.o
 .bss.block_samples
                0x20001290       0x78 /var/folders/_r/_y0pts413n9663x9mdt4dvcw0000gq/T//ccTZDwRs.ltrans0.ltrans.o
 .bss.environment_block_divisor
                0x20001308        0x2 /var/folders/_r/_y0pts413n9663x9mdt4dvcw0000gq/T//ccTZDwRs.ltrans0.ltrans.o
 .bss.next_header_flags
                0x2000130a        0x2 /var/folders/_r/_y0pts413n9663x9mdt4dvcw0000gq/T//ccTZDwRs.ltrans0.ltrans.o
 .bss.saved_block_millis
                0x2000130c        0x2 /var/folders/_r/_y0pts413n9663x9mdt4dvcw0000gq/T//ccTZDwRs.ltrans0.ltrans.o
 *fill*         0x2000130e        0x2 
 .bss.saved_block_epoch
                0x20001310        0x4 /var/folders/_r/_y0pts413n9663x9mdt4dvcw0000gq/T//ccTZDwRs.ltrans0.ltrans.o
 .bss.discarded_blocks
                0x20001314        0x4 /var/folders/_r/_y0pts413n9663x9mdt4dvcw0000gq/T//ccTZDwRs.ltrans0.ltrans.o
 .bss.discard_blocks
                0x20001318        0x4 /var/folders/_r/_y0pts413n9663x9mdt4dvcw0000gq/T//ccTZDwRs.ltrans0.ltrans.o
 .bss.sink.0    0x2000131c        0x1 /var/folders/_r/_y0pts413n9663x9mdt4dvcw0000gq/T//ccTZDwRs.ltrans0.ltrans.o
 *fill*         0x2000131d        0x3 
 .bss.tag_storage_spi_tx_dma
                0x20001320        0x4 /var/folders/_r/_y0pts413n9663x9mdt4dvcw0000gq/T//ccTZDwRs.ltrans0.ltrans.o
 .bss.tag_storage_spi_rx_dma
                0x20001324        0x4 /var/folders/_r/_y0pts413n9663x9mdt4dvcw0000gq/T//ccTZDwRs.ltrans0.ltrans.o
 .bss.dummy.1   0x20001328        0x1 /var/folders/_r/_y0pts413n9663x9mdt4dvcw0000gq/T//ccTZDwRs.ltrans0.ltrans.o
 .bss.usart2_suspended_for_stop
                0x20001329        0x1 /var/folders/_r/_y0pts413n9663x9mdt4dvcw0000gq/T//ccTZDwRs.ltrans0.ltrans.o
 .bss.usart2_on
                0x2000132a        0x1 /var/folders/_r/_y0pts413n9663x9mdt4dvcw0000gq/T//ccTZDwRs.ltrans0.ltrans.o
 *fill*         0x2000132b        0x1 
 .bss.flash_err
                0x2000132c        0x4 /var/folders/_r/_y0pts413n9663x9mdt4dvcw0000gq/T//ccTZDwRs.ltrans0.ltrans.o
 .bss.flash_ecc_probe_failed
                0x20001330        0x1 /var/folders/_r/_y0pts413n9663x9mdt4dvcw0000gq/T//ccTZDwRs.ltrans0.ltrans.o
 .bss.flash_ecc_probe_active
                0x20001331        0x1 /var/folders/_r/_y0pts413n9663x9mdt4dvcw0000gq/T//ccTZDwRs.ltrans0.ltrans.o
 *fill*         0x20001332        0x2 
 .bss.flash_ecc_eccr
                0x20001334        0x4 /var/folders/_r/_y0pts413n9663x9mdt4dvcw0000gq/T//ccTZDwRs.ltrans0.ltrans.o
 .bss.flash_ecc_flags
                0x20001338        0x4 /var/folders/_r/_y0pts413n9663x9mdt4dvcw0000gq/T//ccTZDwRs.ltrans0.ltrans.o
 .bss.erase_sector_size
                0x2000133c        0x4 /var/folders/_r/_y0pts413n9663x9mdt4dvcw0000gq/T//ccTZDwRs.ltrans0.ltrans.o
 .bss.erase_sector_total
                0x20001340        0x4 /var/folders/_r/_y0pts413n9663x9mdt4dvcw0000gq/T//ccTZDwRs.ltrans0.ltrans.o
 .bss.erase_external_active
                0x20001344        0x1 /var/folders/_r/_y0pts413n9663x9mdt4dvcw0000gq/T//ccTZDwRs.ltrans0.ltrans.o
 .bss.reset_erase_started
                0x20001345        0x1 /var/folders/_r/_y0pts413n9663x9mdt4dvcw0000gq/T//ccTZDwRs.ltrans0.ltrans.o
 .bss.spi1_suspended_for_stop
                0x20001346        0x1 /var/folders/_r/_y0pts413n9663x9mdt4dvcw0000gq/T//ccTZDwRs.ltrans0.ltrans.o
 .bss.spi1_on   0x20001347        0x1 /var/folders/_r/_y0pts413n9663x9mdt4dvcw0000gq/T//ccTZDwRs.ltrans0.ltrans.o
 .bss.dma.lto_priv.0
                0x20001348       0x78 /var/folders/_r/_y0pts413n9663x9mdt4dvcw0000gq/T//ccTZDwRs.ltrans0.ltrans.o
                0x20001348                dma.lto_priv.0
 .bss.I2CD1     0x200013c0       0x14 /var/folders/_r/_y0pts413n9663x9mdt4dvcw0000gq/T//ccTZDwRs.ltrans0.ltrans.o
 .bss.adc_mutex
                0x200013d4        0xc /var/folders/_r/_y0pts413n9663x9mdt4dvcw0000gq/T//ccTZDwRs.ltrans0.ltrans.o
 .bss.I2CRTCmutex
                0x200013e0        0xc /var/folders/_r/_y0pts413n9663x9mdt4dvcw0000gq/T//ccTZDwRs.ltrans0.ltrans.o
 .bss.USART2mutex
                0x200013ec        0xc /var/folders/_r/_y0pts413n9663x9mdt4dvcw0000gq/T//ccTZDwRs.ltrans0.ltrans.o
 .bss.SPI1mutex
                0x200013f8        0xc /var/folders/_r/_y0pts413n9663x9mdt4dvcw0000gq/T//ccTZDwRs.ltrans0.ltrans.o
                0x200013f8                SPI1mutex
 .bss.debug_stream
                0x20001404       0x14 /var/folders/_r/_y0pts413n9663x9mdt4dvcw0000gq/T//ccTZDwRs.ltrans0.ltrans.o
 .bss.debug_log_sem
                0x20001418        0xc /var/folders/_r/_y0pts413n9663x9mdt4dvcw0000gq/T//ccTZDwRs.ltrans0.ltrans.o
 .bss.debug_log_initialized
                0x20001424        0x1 /var/folders/_r/_y0pts413n9663x9mdt4dvcw0000gq/T//ccTZDwRs.ltrans0.ltrans.o
 *fill*         0x20001425        0x1 
 .bss.status_temp10
                0x20001426        0x2 /var/folders/_r/_y0pts413n9663x9mdt4dvcw0000gq/T//ccTZDwRs.ltrans0.ltrans.o
 .bss.status_vdd100
                0x20001428        0x2 /var/folders/_r/_y0pts413n9663x9mdt4dvcw0000gq/T//ccTZDwRs.ltrans0.ltrans.o
 .bss.log_ack_measure_line_initialized
                0x2000142a        0x1 /var/folders/_r/_y0pts413n9663x9mdt4dvcw0000gq/T//ccTZDwRs.ltrans0.ltrans.o
 *fill*         0x2000142b        0x1 
 .bss.empty_calibration_sample_logs
                0x2000142c        0x4 /var/folders/_r/_y0pts413n9663x9mdt4dvcw0000gq/T//ccTZDwRs.ltrans0.ltrans.o
 .bss.config_tmp
                0x20001430       0x10 /var/folders/_r/_y0pts413n9663x9mdt4dvcw0000gq/T//ccTZDwRs.ltrans0.ltrans.o
 .bss.events    0x20001440        0x4 /var/folders/_r/_y0pts413n9663x9mdt4dvcw0000gq/T//ccTZDwRs.ltrans0.ltrans.o
 .bss.isActive  0x20001444        0x1 /var/folders/_r/_y0pts413n9663x9mdt4dvcw0000gq/T//ccTZDwRs.ltrans0.ltrans.o
 *fill*         0x20001445        0x3 
 .bss.timestamp
                0x20001448        0x4 /var/folders/_r/_y0pts413n9663x9mdt4dvcw0000gq/T//ccTZDwRs.ltrans0.ltrans.o
 .bss.timestamp_millis
                0x2000144c        0x4 /var/folders/_r/_y0pts413n9663x9mdt4dvcw0000gq/T//ccTZDwRs.ltrans0.ltrans.o
 .bss.rtcInitializedAtBoot
                0x20001450        0x1 /var/folders/_r/_y0pts413n9663x9mdt4dvcw0000gq/T//ccTZDwRs.ltrans0.ltrans.o
 *fill*         0x20001451        0x3 
 .bss.RTCD1     0x20001454        0xc /var/folders/_r/_y0pts413n9663x9mdt4dvcw0000gq/T//ccTZDwRs.ltrans0.ltrans.o
                0x20001454                RTCD1
 .bss.monitor_operand
                0x20001460        0x4 /var/folders/_r/_y0pts413n9663x9mdt4dvcw0000gq/T//ccTZDwRs.ltrans0.ltrans.o
 .bss.monitor_pending
                0x20001464        0x1 /var/folders/_r/_y0pts413n9663x9mdt4dvcw0000gq/T//ccTZDwRs.ltrans0.ltrans.o
 *fill*         0x20001465        0x3 
 .bss.ch0       0x20001468       0x58 /var/folders/_r/_y0pts413n9663x9mdt4dvcw0000gq/T//ccTZDwRs.ltrans0.ltrans.o
                0x20001468                ch0
 .bss.monitor_timer
                0x200014c0       0x18 /var/folders/_r/_y0pts413n9663x9mdt4dvcw0000gq/T//ccTZDwRs.ltrans0.ltrans.o
 .bss.monitor_timer_initialized
                0x200014d8        0x1 /var/folders/_r/_y0pts413n9663x9mdt4dvcw0000gq/T//ccTZDwRs.ltrans0.ltrans.o
 *fill*         0x200014d9        0x3 
 .bss.tpMain    0x200014dc        0x4 /var/folders/_r/_y0pts413n9663x9mdt4dvcw0000gq/T//ccTZDwRs.ltrans0.ltrans.o
 .bss.monitor_timeout_pending
                0x200014e0        0x1 /var/folders/_r/_y0pts413n9663x9mdt4dvcw0000gq/T//ccTZDwRs.ltrans0.ltrans.o
 .bss.monitor_enabled
                0x200014e1        0x1 /var/folders/_r/_y0pts413n9663x9mdt4dvcw0000gq/T//ccTZDwRs.ltrans0.ltrans.o
 *(COMMON)
                0x200014e4                        . = ALIGN (0x4)
 *fill*         0x200014e2        0x2 
                0x200014e4                        __bss_end__ = .
                [!provide]                        PROVIDE (end = .)
                0x20000000                        __ram0_base__ = ORIGIN (ram0)
                0x0000c000                        __ram0_size__ = LENGTH (ram0)
                0x2000c000                        __ram0_end__ = (__ram0_base__ + __ram0_size__)
                0x10000000                        __ram1_base__ = ORIGIN (ram1)
                0x00004000                        __ram1_size__ = LENGTH (ram1)
                0x10004000                        __ram1_end__ = (__ram1_base__ + __ram1_size__)
                0x00000000                        __ram2_base__ = ORIGIN (ram2)
                0x00000000                        __ram2_size__ = LENGTH (ram2)
                0x00000000                        __ram2_end__ = (__ram2_base__ + __ram2_size__)
                0x00000000                        __ram3_base__ = ORIGIN (ram3)
                0x00000000                        __ram3_size__ = LENGTH (ram3)
                0x00000000                        __ram3_end__ = (__ram3_base__ + __ram3_size__)
                0x00000000                        __ram4_base__ = ORIGIN (ram4)
                0x00000000                        __ram4_size__ = LENGTH (ram4)
                0x00000000                        __ram4_end__ = (__ram4_base__ + __ram4_size__)
                0x00000000                        __ram5_base__ = ORIGIN (ram5)
                0x00000000                        __ram5_size__ = LENGTH (ram5)
                0x00000000                        __ram5_end__ = (__ram5_base__ + __ram5_size__)
                0x00000000                        __ram6_base__ = ORIGIN (ram6)
                0x00000000                        __ram6_size__ = LENGTH (ram6)
                0x00000000                        __ram6_end__ = (__ram6_base__ + __ram6_size__)
                0x00000000                        __ram7_base__ = ORIGIN (ram7)
                0x00000000                        __ram7_size__ = LENGTH (ram7)
                0x00000000                        __ram7_end__ = (__ram7_base__ + __ram7_size__)
                0x08000000                        __flash0_base__ = ORIGIN (flash0)
                0x00040000                        __flash0_size__ = LENGTH (flash0)
                0x08040000                        __flash0_end__ = (__flash0_base__ + __flash0_size__)
                0x08000000                        __flash1_base__ = ORIGIN (flash1)
                0x00000000                        __flash1_size__ = LENGTH (flash1)
                0x08000000                        __flash1_end__ = (__flash1_base__ + __flash1_size__)
                0x00000000                        __flash2_base__ = ORIGIN (flash2)
                0x00000000                        __flash2_size__ = LENGTH (flash2)
                0x00000000                        __flash2_end__ = (__flash2_base__ + __flash2_size__)
                0x00000000                        __flash3_base__ = ORIGIN (flash3)
                0x00000000                        __flash3_size__ = LENGTH (flash3)
                0x00000000                        __flash3_end__ = (__flash3_base__ + __flash3_size__)
                0x00000000                        __flash4_base__ = ORIGIN (flash4)
                0x00000000                        __flash4_size__ = LENGTH (flash4)
                0x00000000                        __flash4_end__ = (__flash4_base__ + __flash4_size__)
                0x00000000                        __flash5_base__ = ORIGIN (flash5)
                0x00000000                        __flash5_size__ = LENGTH (flash5)
                0x00000000                        __flash5_end__ = (__flash5_base__ + __flash5_size__)
                0x00000000                        __flash6_base__ = ORIGIN (flash6)
                0x00000000                        __flash6_size__ = LENGTH (flash6)
                0x00000000                        __flash6_end__ = (__flash6_base__ + __flash6_size__)
                0x00000000                        __flash7_base__ = ORIGIN (flash7)
                0x00000000                        __flash7_size__ = LENGTH (flash7)
                0x00000000                        __flash7_end__ = (__flash7_base__ + __flash7_size__)

.ram0_init      0x200014e4        0x0 load address 0x0800bd68
                0x0800bd68                        __ram0_init_text__ = LOADADDR (.ram0_init)
                0x200014e4                        __ram0_init__ = .
 *(.ram0_init)
 *(.ram0_init.*)
                0x200014e4                        . = ALIGN (0x4)

.ram0           0x200014e8     0x1d64 load address 0x0800bd68
                0x200014e8                        __ram0_clear__ = .
 *(.ram0_clear)
 *(.ram0_clear.*)
                0x200014e8                        . = ALIGN (0x4)
                0x200014e8                        __ram0_noinit__ = .
 *(.ram0)
 .ram0          0x200014e8     0x1d64 /var/folders/_r/_y0pts413n9663x9mdt4dvcw0000gq/T//ccTZDwRs.ltrans0.ltrans.o
 *(.ram0.*)
                0x2000324c                        . = ALIGN (0x4)
                0x2000324c                        __ram0_free__ = .

.ram1_init      0x10000000        0x0 load address 0x0800bd68
                0x0800bd68                        __ram1_init_text__ = LOADADDR (.ram1_init)
                0x10000000                        __ram1_init__ = .
 *(.ram1_init)
 *(.ram1_init.*)
                0x10000000                        . = ALIGN (0x4)

.ram1           0x10000000        0x0 load address 0x0800bd68
                0x10000000                        __ram1_clear__ = .
 *(.ram1_clear)
 *(.ram1_clear.*)
                0x10000000                        . = ALIGN (0x4)
                0x10000000                        __ram1_noinit__ = .
 *(.ram1)
 *(.ram1.*)
                0x10000000                        . = ALIGN (0x4)
                0x10000000                        __ram1_free__ = .

.ram2_init      0x00000000        0x0 load address 0x0800bd68
                0x0800bd68                        __ram2_init_text__ = LOADADDR (.ram2_init)
                0x00000000                        __ram2_init__ = .
 *(.ram2_init)
 *(.ram2_init.*)
                0x00000000                        . = ALIGN (0x4)

.ram2           0x00000000        0x0 load address 0x0800bd68
                0x00000000                        __ram2_clear__ = .
 *(.ram2_clear)
 *(.ram2_clear.*)
                0x00000000                        . = ALIGN (0x4)
                0x00000000                        __ram2_noinit__ = .
 *(.ram2)
 *(.ram2.*)
                0x00000000                        . = ALIGN (0x4)
                0x00000000                        __ram2_free__ = .

.ram3_init      0x00000000        0x0 load address 0x0800bd68
                0x0800bd68                        __ram3_init_text__ = LOADADDR (.ram3_init)
                0x00000000                        __ram3_init__ = .
 *(.ram3_init)
 *(.ram3_init.*)
                0x00000000                        . = ALIGN (0x4)

.ram3           0x00000000        0x0 load address 0x0800bd68
                0x00000000                        __ram3_clear__ = .
 *(.ram3_clear)
 *(.ram3_clear.*)
                0x00000000                        . = ALIGN (0x4)
                0x00000000                        __ram3_noinit__ = .
 *(.ram3)
 *(.ram3.*)
                0x00000000                        . = ALIGN (0x4)
                0x00000000                        __ram3_free__ = .

.ram4_init      0x00000000        0x0 load address 0x0800bd68
                0x0800bd68                        __ram4_init_text__ = LOADADDR (.ram4_init)
                0x00000000                        __ram4_init__ = .
 *(.ram4_init)
 *(.ram4_init.*)
                0x00000000                        . = ALIGN (0x4)

.ram4           0x00000000        0x0 load address 0x0800bd68
                0x00000000                        __ram4_clear__ = .
 *(.ram4_clear)
 *(.ram4_clear.*)
                0x00000000                        . = ALIGN (0x4)
                0x00000000                        __ram4_noinit__ = .
 *(.ram4)
 *(.ram4.*)
                0x00000000                        . = ALIGN (0x4)
                0x00000000                        __ram4_free__ = .

.ram5_init      0x00000000        0x0 load address 0x0800bd68
                0x0800bd68                        __ram5_init_text__ = LOADADDR (.ram5_init)
                0x00000000                        __ram5_init__ = .
 *(.ram5_init)
 *(.ram5_init.*)
                0x00000000                        . = ALIGN (0x4)

.ram5           0x00000000        0x0 load address 0x0800bd68
                0x00000000                        __ram5_clear__ = .
 *(.ram5_clear)
 *(.ram5_clear.*)
                0x00000000                        . = ALIGN (0x4)
                0x00000000                        __ram5_noinit__ = .
 *(.ram5)
 *(.ram5.*)
                0x00000000                        . = ALIGN (0x4)
                0x00000000                        __ram5_free__ = .

.ram6_init      0x00000000        0x0 load address 0x0800bd68
                0x0800bd68                        __ram6_init_text__ = LOADADDR (.ram6_init)
                0x00000000                        __ram6_init__ = .
 *(.ram6_init)
 *(.ram6_init.*)
                0x00000000                        . = ALIGN (0x4)

.ram6           0x00000000        0x0 load address 0x0800bd68
                0x00000000                        __ram6_clear__ = .
 *(.ram6_clear)
 *(.ram6_clear.*)
                0x00000000                        . = ALIGN (0x4)
                0x00000000                        __ram6_noinit__ = .
 *(.ram6)
 *(.ram6.*)
                0x00000000                        . = ALIGN (0x4)
                0x00000000                        __ram6_free__ = .

.ram7_init      0x00000000        0x0 load address 0x0800bd68
                0x0800bd68                        __ram7_init_text__ = LOADADDR (.ram7_init)
                0x00000000                        __ram7_init__ = .
 *(.ram7_init)
 *(.ram7_init.*)
                0x00000000                        . = ALIGN (0x4)

.ram7           0x00000000        0x0 load address 0x0800bd68
                0x00000000                        __ram7_clear__ = .
 *(.ram7_clear)
 *(.ram7_clear.*)
                0x00000000                        . = ALIGN (0x4)
                0x00000000                        __ram7_noinit__ = .
 *(.ram7)
 *(.ram7.*)
                0x00000000                        . = ALIGN (0x4)
                0x00000000                        __ram7_free__ = .

.flash0         0x0800bd68        0x0
                0x0800bd68                        __flash0_init__ = .
 *(.flash0_init)
 *(.flash0_init.*)
                0x0800bd68                        __flash0_free__ = .

.flash1         0x08000000        0x0
                0x08000000                        __flash1_init__ = .
 *(.flash1_init)
 *(.flash1_init.*)
                0x08000000                        __flash1_free__ = .

.flash2         0x00000000        0x0
                0x00000000                        __flash2_init__ = .
 *(.flash2_init)
 *(.flash2_init.*)
                0x00000000                        __flash2_free__ = .

.flash3         0x00000000        0x0
                0x00000000                        __flash3_init__ = .
 *(.flash3_init)
 *(.flash3_init.*)
                0x00000000                        __flash3_free__ = .

.flash4         0x00000000        0x0
                0x00000000                        __flash4_init__ = .
 *(.flash4_init)
 *(.flash4_init.*)
                0x00000000                        __flash4_free__ = .

.flash5         0x00000000        0x0
                0x00000000                        __flash5_init__ = .
 *(.flash5_init)
 *(.flash5_init.*)
                0x00000000                        __flash5_free__ = .

.flash6         0x00000000        0x0
                0x00000000                        __flash6_init__ = .
 *(.flash6_init)
 *(.flash6_init.*)
                0x00000000                        __flash6_free__ = .

.flash7         0x00000000        0x0
                0x00000000                        __flash7_init__ = .
 *(.flash7_init)
 *(.flash7_init.*)
                0x00000000                        __flash7_free__ = .

.heap           0x2000324c     0x8db4
                0x20003250                        . = ALIGN (0x8)
 *fill*         0x2000324c        0x4 
                0x20003250                        __heap_base__ = .
                0x2000c000                        . = (ORIGIN (HEAP_RAM) + LENGTH (HEAP_RAM))
 *fill*         0x20003250     0x8db0 
                0x2000c000                        __heap_end__ = .

.calibration    0x0800c000      0x7e0
 *(.calibration)
 .calibration   0x0800c000      0x7e0 /var/folders/_r/_y0pts413n9663x9mdt4dvcw0000gq/T//ccTZDwRs.ltrans0.ltrans.o

.persistent     0x0800c800    0x33800
                0x0800c800                        __persistent_start__ = .
 *(.persistent)
 .persistent    0x0800c800      0x9f0 /var/folders/_r/_y0pts413n9663x9mdt4dvcw0000gq/T//ccTZDwRs.ltrans0.ltrans.o
                0x0800d800                        . = ALIGN (0x800)
 *fill*         0x0800d1f0      0x610 
                0x08040000                        . = (ORIGIN (flash0) + LENGTH (flash0))
 *fill*         0x0800d800    0x32800 
                0x08040000                        __persistent_end__ = .
                0x00040000                        TAG_FLASH_SIZE = 0x40000
                0x00000800                        __process_stack_size__ = 0x800
                0x00000800                        __main_stack_size__ = 0x800
START GROUP
LOAD /Applications/ArmGNUToolchain/14.2.rel1/arm-none-eabi/bin/../lib/gcc/arm-none-eabi/14.2.1/thumb/v7e-m+fp/softfp/libgcc.a
LOAD /Applications/ArmGNUToolchain/14.2.rel1/arm-none-eabi/bin/../lib/gcc/arm-none-eabi/14.2.1/../../../../arm-none-eabi/lib/thumb/v7e-m+fp/softfp/libc.a
END GROUP
OUTPUT(/Users/geobrown/Research/tag-designs/software/build-embedded/embedded/tags/IMUTagBreakout/build/IMUTagBreakout.elf elf32-littlearm)
LOAD linker stubs

.ARM.attributes
                0x00000000       0x33
 .ARM.attributes
                0x00000000       0x25 /Users/geobrown/Research/tag-designs/software/build-embedded/embedded/tags/IMUTagBreakout/build/obj/crt0_v7m.o
 .ARM.attributes
                0x00000025       0x25 /Users/geobrown/Research/tag-designs/software/build-embedded/embedded/tags/IMUTagBreakout/build/obj/vectors.o
 .ARM.attributes
                0x0000004a       0x25 /Users/geobrown/Research/tag-designs/software/build-embedded/embedded/tags/IMUTagBreakout/build/obj/chcoreasm.o
 .ARM.attributes
                0x0000006f       0x30 /var/folders/_r/_y0pts413n9663x9mdt4dvcw0000gq/T//ccTZDwRs.ltrans0.ltrans.o
 .ARM.attributes
                0x0000009f       0x30 /var/folders/_r/_y0pts413n9663x9mdt4dvcw0000gq/T//ccTZDwRs.ltrans1.ltrans.o
 .ARM.attributes
                0x000000cf       0x32 /Applications/ArmGNUToolchain/14.2.rel1/arm-none-eabi/bin/../lib/gcc/arm-none-eabi/14.2.1/../../../../arm-none-eabi/lib/thumb/v7e-m+fp/softfp/libc.a(libc_a-memset.o)
 .ARM.attributes
                0x00000101       0x32 /Applications/ArmGNUToolchain/14.2.rel1/arm-none-eabi/bin/../lib/gcc/arm-none-eabi/14.2.1/../../../../arm-none-eabi/lib/thumb/v7e-m+fp/softfp/libc.a(libc_a-strncpy.o)
 .ARM.attributes
                0x00000133       0x20 /Applications/ArmGNUToolchain/14.2.rel1/arm-none-eabi/bin/../lib/gcc/arm-none-eabi/14.2.1/../../../../arm-none-eabi/lib/thumb/v7e-m+fp/softfp/libc.a(libc_a-memcpy.o)
 .ARM.attributes
                0x00000153       0x22 /Applications/ArmGNUToolchain/14.2.rel1/arm-none-eabi/bin/../lib/gcc/arm-none-eabi/14.2.1/thumb/v7e-m+fp/softfp/libgcc.a(_aeabi_ldivmod.o)
 .ARM.attributes
                0x00000175       0x32 /Applications/ArmGNUToolchain/14.2.rel1/arm-none-eabi/bin/../lib/gcc/arm-none-eabi/14.2.1/thumb/v7e-m+fp/softfp/libgcc.a(_udivmoddi4.o)
 .ARM.attributes
                0x000001a7       0x22 /Applications/ArmGNUToolchain/14.2.rel1/arm-none-eabi/bin/../lib/gcc/arm-none-eabi/14.2.1/thumb/v7e-m+fp/softfp/libgcc.a(_dvmd_tls.o)

.comment        0x00000000       0x45
 .comment       0x00000000       0x45 /var/folders/_r/_y0pts413n9663x9mdt4dvcw0000gq/T//ccTZDwRs.ltrans0.ltrans.o
                                 0x46 (size before relaxing)
 .comment       0x00000045       0x46 /var/folders/_r/_y0pts413n9663x9mdt4dvcw0000gq/T//ccTZDwRs.ltrans1.ltrans.o

.debug_frame    0x00000000       0xf4
 .debug_frame   0x00000000       0x2c /Applications/ArmGNUToolchain/14.2.rel1/arm-none-eabi/bin/../lib/gcc/arm-none-eabi/14.2.1/../../../../arm-none-eabi/lib/thumb/v7e-m+fp/softfp/libc.a(libc_a-memset.o)
 .debug_frame   0x0000002c       0x28 /Applications/ArmGNUToolchain/14.2.rel1/arm-none-eabi/bin/../lib/gcc/arm-none-eabi/14.2.1/../../../../arm-none-eabi/lib/thumb/v7e-m+fp/softfp/libc.a(libc_a-strncpy.o)
 .debug_frame   0x00000054       0x28 /Applications/ArmGNUToolchain/14.2.rel1/arm-none-eabi/bin/../lib/gcc/arm-none-eabi/14.2.1/../../../../arm-none-eabi/lib/thumb/v7e-m+fp/softfp/libc.a(libc_a-memcpy.o)
 .debug_frame   0x0000007c       0x44 /Applications/ArmGNUToolchain/14.2.rel1/arm-none-eabi/bin/../lib/gcc/arm-none-eabi/14.2.1/thumb/v7e-m+fp/softfp/libgcc.a(_aeabi_ldivmod.o)
 .debug_frame   0x000000c0       0x34 /Applications/ArmGNUToolchain/14.2.rel1/arm-none-eabi/bin/../lib/gcc/arm-none-eabi/14.2.1/thumb/v7e-m+fp/softfp/libgcc.a(_udivmoddi4.o)

.debug_line_str
                0x00000000      0x1ce
 .debug_line_str
                0x00000000       0xee /Applications/ArmGNUToolchain/14.2.rel1/arm-none-eabi/bin/../lib/gcc/arm-none-eabi/14.2.1/../../../../arm-none-eabi/lib/thumb/v7e-m+fp/softfp/libc.a(libc_a-memcpy.o)
 .debug_line_str